[    0.000000] Initializing cgroup subsys cpuset
[    0.000000] Initializing cgroup subsys cpu
[    0.000000] Initializing cgroup subsys cpuacct
[    0.000000] Linux version 4.4.0-148-generic (buildd@lgw01-amd64-031) (gcc version 5.4.0 20160609 (Ubuntu 5.4.0-6ubuntu1~16.04.10) ) #174-Ubuntu SMP Tue May 7 12:20:14 UTC 2019 (Ubuntu 4.4.0-148.174-generic 4.4.177)
[    0.000000] Command line: BOOT_IMAGE=/boot/vmlinuz-4.4.0-148-generic root=LABEL=cloudimg-rootfs ro console=tty1 console=ttyS0
[    0.000000] KERNEL supported cpus:
[    0.000000]   Intel GenuineIntel
[    0.000000]   AMD AuthenticAMD
[    0.000000]   Centaur CentaurHauls
[    0.000000] x86/fpu: xstate_offset[2]:  576, xstate_sizes[2]:  256
[    0.000000] x86/fpu: Supporting XSAVE feature 0x01: 'x87 floating point registers'
[    0.000000] x86/fpu: Supporting XSAVE feature 0x02: 'SSE registers'
[    0.000000] x86/fpu: Supporting XSAVE feature 0x04: 'AVX registers'
[    0.000000] x86/fpu: Enabled xstate features 0x7, context size is 832 bytes, using 'standard' format.
[    0.000000] e820: BIOS-provided physical RAM map:
[    0.000000] BIOS-e820: [mem 0x0000000000000000-0x000000000009fbff] usable
[    0.000000] BIOS-e820: [mem 0x000000000009fc00-0x000000000009ffff] reserved
[    0.000000] BIOS-e820: [mem 0x00000000000f0000-0x00000000000fffff] reserved
[    0.000000] BIOS-e820: [mem 0x0000000000100000-0x000000003ffeffff] usable
[    0.000000] BIOS-e820: [mem 0x000000003fff0000-0x000000003fffffff] ACPI data
[    0.000000] BIOS-e820: [mem 0x00000000fec00000-0x00000000fec00fff] reserved
[    0.000000] BIOS-e820: [mem 0x00000000fee00000-0x00000000fee00fff] reserved
[    0.000000] BIOS-e820: [mem 0x00000000fffc0000-0x00000000ffffffff] reserved
[    0.000000] NX (Execute Disable) protection: active
[    0.000000] SMBIOS 2.5 present.
[    0.000000] Hypervisor detected: KVM
[    0.000000] e820: last_pfn = 0x3fff0 max_arch_pfn = 0x400000000
[    0.000000] MTRR: Disabled
[    0.000000] x86/PAT: MTRRs disabled, skipping PAT initialization too.
[    0.000000] CPU MTRRs all blank - virtualized system.
[    0.000000] x86/PAT: Configuration [0-7]: WB  WT  UC- UC  WB  WT  UC- UC  
[    0.000000] found SMP MP-table at [mem 0x0009fff0-0x0009ffff] mapped at [ffff88000009fff0]
[    0.000000] Scanning 1 areas for low memory corruption
[    0.000000] RAMDISK: [mem 0x362fa000-0x37174fff]
[    0.000000] ACPI: Early table checksum verification disabled
[    0.000000] ACPI: RSDP 0x00000000000E0000 000024 (v02 VBOX  )
[    0.000000] ACPI: XSDT 0x000000003FFF0030 00003C (v01 VBOX   VBOXXSDT 00000001 ASL  00000061)
[    0.000000] ACPI: FACP 0x000000003FFF00F0 0000F4 (v04 VBOX   VBOXFACP 00000001 ASL  00000061)
[    0.000000] ACPI: DSDT 0x000000003FFF0470 0022EA (v02 VBOX   VBOXBIOS 00000002 INTL 20100528)
[    0.000000] ACPI: FACS 0x000000003FFF0200 000040
[    0.000000] ACPI: FACS 0x000000003FFF0200 000040
[    0.000000] ACPI: APIC 0x000000003FFF0240 00005C (v02 VBOX   VBOXAPIC 00000001 ASL  00000061)
[    0.000000] ACPI: SSDT 0x000000003FFF02A0 0001CC (v01 VBOX   VBOXCPUT 00000002 INTL 20100528)
[    0.000000] No NUMA configuration found
[    0.000000] Faking a node at [mem 0x0000000000000000-0x000000003ffeffff]
[    0.000000] NODE_DATA(0) allocated [mem 0x3ffeb000-0x3ffeffff]
[    0.000000] kvm-clock: Using msrs 4b564d01 and 4b564d00
[    0.000000] kvm-clock: cpu 0, msr 0:3ffe3001, primary cpu clock
[    0.000000] kvm-clock: using sched offset of 18236643791 cycles
[    0.000000] clocksource: kvm-clock: mask: 0xffffffffffffffff max_cycles: 0x1cd42e4dffb, max_idle_ns: 881590591483 ns
[    0.000000] Zone ranges:
[    0.000000]   DMA      [mem 0x0000000000001000-0x0000000000ffffff]
[    0.000000]   DMA32    [mem 0x0000000001000000-0x000000003ffeffff]
[    0.000000]   Normal   empty
[    0.000000]   Device   empty
[    0.000000] Movable zone start for each node
[    0.000000] Early memory node ranges
[    0.000000]   node   0: [mem 0x0000000000001000-0x000000000009efff]
[    0.000000]   node   0: [mem 0x0000000000100000-0x000000003ffeffff]
[    0.000000] Initmem setup node 0 [mem 0x0000000000001000-0x000000003ffeffff]
[    0.000000] ACPI: PM-Timer IO Port: 0x4008
[    0.000000] IOAPIC[0]: apic_id 2, version 32, address 0xfec00000, GSI 0-23
[    0.000000] ACPI: INT_SRC_OVR (bus 0 bus_irq 0 global_irq 2 dfl dfl)
[    0.000000] ACPI: INT_SRC_OVR (bus 0 bus_irq 9 global_irq 9 low level)
[    0.000000] Using ACPI (MADT) for SMP configuration information
[    0.000000] smpboot: Allowing 2 CPUs, 0 hotplug CPUs
[    0.000000] PM: Registered nosave memory: [mem 0x00000000-0x00000fff]
[    0.000000] PM: Registered nosave memory: [mem 0x0009f000-0x0009ffff]
[    0.000000] PM: Registered nosave memory: [mem 0x000a0000-0x000effff]
[    0.000000] PM: Registered nosave memory: [mem 0x000f0000-0x000fffff]
[    0.000000] e820: [mem 0x40000000-0xfebfffff] available for PCI devices
[    0.000000] Booting paravirtualized kernel on KVM
[    0.000000] clocksource: refined-jiffies: mask: 0xffffffff max_cycles: 0xffffffff, max_idle_ns: 7645519600211568 ns
[    0.000000] setup_percpu: NR_CPUS:512 nr_cpumask_bits:512 nr_cpu_ids:2 nr_node_ids:1
[    0.000000] PERCPU: Embedded 34 pages/cpu @ffff88003fc00000 s99480 r8192 d31592 u1048576
[    0.000000] Built 1 zonelists in Node order, mobility grouping on.  Total pages: 257912
[    0.000000] Policy zone: DMA32
[    0.000000] Kernel command line: BOOT_IMAGE=/boot/vmlinuz-4.4.0-148-generic root=LABEL=cloudimg-rootfs ro console=tty1 console=ttyS0
[    0.000000] PID hash table entries: 4096 (order: 3, 32768 bytes)
[    0.000000] Memory: 997732K/1048120K available (8609K kernel code, 1334K rwdata, 4028K rodata, 1484K init, 1284K bss, 50388K reserved, 0K cma-reserved)
[    0.000000] SLUB: HWalign=64, Order=0-3, MinObjects=0, CPUs=2, Nodes=1
[    0.000000] Kernel/User page tables isolation: enabled
[    0.000000] Hierarchical RCU implementation.
[    0.000000] 	Build-time adjustment of leaf fanout to 64.
[    0.000000] 	RCU restricting CPUs from NR_CPUS=512 to nr_cpu_ids=2.
[    0.000000] RCU: Adjusting geometry for rcu_fanout_leaf=64, nr_cpu_ids=2
[    0.000000] NR_IRQS:33024 nr_irqs:440 16
[    0.000000] Console: colour VGA+ 80x25
[    0.000000] console [tty1] enabled
[    0.000000] console [ttyS0] enabled
[    0.000000] tsc: Detected 2194.914 MHz processor
[    4.857074] Calibrating delay loop (skipped) preset value.. 4389.82 BogoMIPS (lpj=8779656)
[    4.917142] pid_max: default: 32768 minimum: 301
[    4.951268] ACPI: Core revision 20150930
[    4.985832] ACPI: 2 ACPI AML tables successfully acquired and loaded
[    5.034226] Security Framework initialized
[    5.099522] Yama: becoming mindful.
[    5.164189] AppArmor: AppArmor initialized
[    5.232789] Dentry cache hash table entries: 131072 (order: 8, 1048576 bytes)
[    5.317681] Inode-cache hash table entries: 65536 (order: 7, 524288 bytes)
[    5.375776] Mount-cache hash table entries: 2048 (order: 2, 16384 bytes)
[    5.439100] Mountpoint-cache hash table entries: 2048 (order: 2, 16384 bytes)
[    5.512201] Initializing cgroup subsys io
[    5.555795] Initializing cgroup subsys memory
[    5.599115] Initializing cgroup subsys devices
[    5.633079] Initializing cgroup subsys freezer
[    5.664378] Initializing cgroup subsys net_cls
[    5.700214] Initializing cgroup subsys perf_event
[    5.737501] Initializing cgroup subsys net_prio
[    5.770116] Initializing cgroup subsys hugetlb
[    5.801328] Initializing cgroup subsys pids
[    5.836428] mce: CPU supports 0 MCE banks
[    5.865967] Last level iTLB entries: 4KB 64, 2MB 8, 4MB 8
[    5.902178] Last level dTLB entries: 4KB 64, 2MB 0, 4MB 0, 1GB 4
[    5.942348] Spectre V2 : Mitigation: Full generic retpoline
[    5.979104] Spectre V2 : Spectre v2 / SpectreRSB mitigation: Filling RSB on context switch
[    6.036626] Speculative Store Bypass: Vulnerable
[    6.071355] MDS: Vulnerable: Clear CPU buffers attempted, no microcode
[    6.225866] Freeing SMP alternatives memory: 36K
[    6.468757] ftrace: allocating 32293 entries in 127 pages
[    8.004012] smpboot: APIC(0) Converting physical 0 to logical package 0
[    8.055230] smpboot: Max logical packages: 1
[    8.095187] x2apic enabled
[    8.123954] Switched APIC routing to physical x2apic.
[    8.193814] ..TIMER: vector=0x30 apic1=0 pin1=2 apic2=-1 pin2=-1
[    8.343208] smpboot: CPU0: Intel(R) Core(TM) i5-5200U CPU @ 2.20GHz (family: 0x6, model: 0x3d, stepping: 0x4)
[    8.539555] Performance Events: unsupported p6 CPU model 61 no PMU driver, software events only.
[    8.902001] KVM setup paravirtual spinlock
[    8.937748] x86: Booting SMP configuration:
[    8.971897] .... node  #0, CPUs:      #1
[    9.008958] kvm-clock: cpu 1, msr 0:3ffe3041, secondary cpu clock
[    9.042628] mce: CPU supports 0 MCE banks
[    9.063464] x86: Booted up 1 node, 2 CPUs
[    9.101058] smpboot: Total of 2 processors activated (8779.65 BogoMIPS)
[    9.151684] devtmpfs: initialized
[    9.205448] evm: security.selinux
[    9.231533] evm: security.SMACK64
[    9.257240] evm: security.SMACK64EXEC
[    9.285945] evm: security.SMACK64TRANSMUTE
[    9.316466] evm: security.SMACK64MMAP
[    9.344921] evm: security.ima
[    9.370370] evm: security.capability
[    9.398673] clocksource: jiffies: mask: 0xffffffff max_cycles: 0xffffffff, max_idle_ns: 7645041785100000 ns
[    9.471826] futex hash table entries: 512 (order: 3, 32768 bytes)
[    9.514032] pinctrl core: initialized pinctrl subsystem
[    9.555319] RTC time:  7:13:00, date: 06/17/19
[    9.588118] NET: Registered protocol family 16
[    9.630425] cpuidle: using governor ladder
[    9.670552] cpuidle: using governor menu
[    9.699643] PCCT header not found.
[    9.729628] ACPI: bus type PCI registered
[    9.759952] acpiphp: ACPI Hot Plug PCI Controller Driver version: 0.5
[    9.805539] PCI: Using configuration type 1 for base access
[    9.863685] ACPI: Added _OSI(Module Device)
[    9.894922] ACPI: Added _OSI(Processor Device)
[    9.927172] ACPI: Added _OSI(3.0 _SCP Extensions)
[    9.960505] ACPI: Added _OSI(Processor Aggregator Device)
[   10.008702] ACPI: Executed 1 blocks of module-level executable AML code
[   10.089093] ACPI: Interpreter enabled
[   10.119774] ACPI: (supports S0 S5)
[   10.149469] ACPI: Using IOAPIC for interrupt routing
[   10.190698] PCI: Using host bridge windows from ACPI; if necessary, use "pci=nocrs" and report a bug
[   10.296491] ACPI: PCI Root Bridge [PCI0] (domain 0000 [bus 00-ff])
[   10.337993] acpi PNP0A03:00: _OSC: OS supports [ASPM ClockPM Segments MSI]
[   10.387625] acpi PNP0A03:00: _OSC: not requesting OS control; OS requires [ExtendedConfig ASPM ClockPM MSI]
[   10.454133] acpi PNP0A03:00: fail to add MMCONFIG information, can't access extended PCI configuration space under this bridge.
[   10.537038] PCI host bridge to bus 0000:00
[   10.568198] pci_bus 0000:00: root bus resource [io  0x0000-0x0cf7 window]
[   10.612497] pci_bus 0000:00: root bus resource [io  0x0d00-0xffff window]
[   10.657275] pci_bus 0000:00: root bus resource [mem 0x000a0000-0x000bffff window]
[   10.711724] pci_bus 0000:00: root bus resource [mem 0x40000000-0xfdffffff window]
[   10.765990] pci_bus 0000:00: root bus resource [bus 00-ff]
[   10.868764] pci 0000:00:01.1: legacy IDE quirk: reg 0x10: [io  0x01f0-0x01f7]
[   10.915081] pci 0000:00:01.1: legacy IDE quirk: reg 0x14: [io  0x03f6]
[   10.958983] pci 0000:00:01.1: legacy IDE quirk: reg 0x18: [io  0x0170-0x0177]
[   11.011170] pci 0000:00:01.1: legacy IDE quirk: reg 0x1c: [io  0x0376]
[   11.241287] pci 0000:00:07.0: quirk: [io  0x4000-0x403f] claimed by PIIX4 ACPI
[   11.587909] pci 0000:00:07.0: quirk: [io  0x4100-0x410f] claimed by PIIX4 SMB
[   11.842303] ACPI: PCI Interrupt Link [LNKA] (IRQs 5 9 10 *11)
[   11.905904] ACPI: PCI Interrupt Link [LNKB] (IRQs 5 9 *10 11)
[   11.967214] ACPI: PCI Interrupt Link [LNKC] (IRQs 5 *9 10 11)
[   12.026754] ACPI: PCI Interrupt Link [LNKD] (IRQs 5 9 10 *11)
[   12.090729] ACPI: Enabled 2 GPEs in block 00 to 07
[   12.132357] vgaarb: setting as boot device: PCI:0000:00:02.0
[   12.170784] vgaarb: device added: PCI:0000:00:02.0,decodes=io+mem,owns=io+mem,locks=none
[   12.228246] vgaarb: loaded
[   12.251486] vgaarb: bridge control possible 0000:00:02.0
[   12.291910] SCSI subsystem initialized
[   12.321676] ACPI: bus type USB registered
[   12.354444] usbcore: registered new interface driver usbfs
[   12.399246] usbcore: registered new interface driver hub
[   12.444404] usbcore: registered new device driver usb
[   12.499755] PCI: Using ACPI for IRQ routing
[   12.538642] NetLabel: Initializing
[   12.565466] NetLabel:  domain hash size = 128
[   12.597039] NetLabel:  protocols = UNLABELED CIPSOv4
[   12.633010] NetLabel:  unlabeled traffic allowed by default
[   12.671246] amd_nb: Cannot enumerate AMD northbridges
[   12.707052] clocksource: Switched to clocksource kvm-clock
[   12.776061] AppArmor: AppArmor Filesystem Enabled
[   12.808374] pnp: PnP ACPI init
[   12.844311] pnp: PnP ACPI: found 3 devices
[   12.883493] clocksource: acpi_pm: mask: 0xffffff max_cycles: 0xffffff, max_idle_ns: 2085701024 ns
[   12.941982] NET: Registered protocol family 2
[   12.972254] TCP established hash table entries: 8192 (order: 4, 65536 bytes)
[   13.016113] TCP bind hash table entries: 8192 (order: 5, 131072 bytes)
[   13.057451] TCP: Hash tables configured (established 8192 bind 8192)
[   13.102244] UDP hash table entries: 512 (order: 2, 16384 bytes)
[   13.140923] UDP-Lite hash table entries: 512 (order: 2, 16384 bytes)
[   13.181549] NET: Registered protocol family 1
[   13.211934] pci 0000:00:00.0: Limiting direct PCI/PCI transfers
[   13.254045] pci 0000:00:01.0: Activating ISA DMA hang workarounds
[   13.306504] Unpacking initramfs...
[   14.293495] Freeing initrd memory: 14828K
[   14.328321] RAPL PMU detected, API unit is 2^-32 Joules, 4 fixed counters 10737418240 ms ovfl timer
[   14.392758] hw unit of domain pp0-core 2^-0 Joules
[   14.432602] hw unit of domain package 2^-0 Joules
[   14.472069] hw unit of domain dram 2^-0 Joules
[   14.508128] hw unit of domain pp1-gpu 2^-0 Joules
[   14.542236] clocksource: tsc: mask: 0xffffffffffffffff max_cycles: 0x1fa36e579bf, max_idle_ns: 440795269840 ns
[   14.608426] platform rtc_cmos: registered platform RTC device (no PNP device found)
[   14.665968] Scanning for low memory corruption every 60 seconds
[   14.713414] audit: initializing netlink subsys (disabled)
[   14.758121] audit: type=2000 audit(1560755595.820:1): initialized
[   14.805988] Initialise system trusted keyring
[   14.840963] HugeTLB registered 2 MB page size, pre-allocated 0 pages
[   14.888974] zbud: loaded
[   14.912157] VFS: Disk quotas dquot_6.6.0
[   14.945112] VFS: Dquot-cache hash table entries: 512 (order 0, 4096 bytes)
[   14.989136] squashfs: version 4.0 (2009/01/31) Phillip Lougher
[   15.028155] fuse init (API version 7.23)
[   15.057007] Key type big_key registered
[   15.085837] Allocating IMA MOK and blacklist keyrings.
[   15.137102] Key type asymmetric registered
[   15.166684] Asymmetric key parser 'x509' registered
[   15.201367] Block layer SCSI generic (bsg) driver version 0.4 loaded (major 249)
[   15.255583] io scheduler noop registered
[   15.285258] io scheduler deadline registered (default)
[   15.320735] io scheduler cfq registered
[   15.355522] pci_hotplug: PCI Hot Plug PCI Core version: 0.5
[   15.402231] pciehp: PCI Express Hot Plug Controller Driver version: 0.4
[   15.446989] ACPI: AC Adapter [AC] (off-line)
[   15.482533] input: Power Button as /devices/LNXSYSTM:00/LNXPWRBN:00/input/input0
[   15.533806] ACPI: Power Button [PWRF]
[   15.561207] input: Sleep Button as /devices/LNXSYSTM:00/LNXSLPBN:00/input/input1
[   15.617495] ACPI: Sleep Button [SLPF]
[   15.647042] GHES: HEST is not enabled!
[   15.659482] ACPI: Battery Slot [BAT0] (battery present)
[   15.714017] Serial: 8250/16550 driver, 32 ports, IRQ sharing enabled
[   15.811091] 00:02: ttyS0 at I/O 0x3f8 (irq = 4, base_baud = 115200) is a 16550A
[   15.877449] Linux agpgart interface v0.103
[   15.925068] loop: module loaded
[   15.964189] scsi host0: ata_piix
[   15.993024] scsi host1: ata_piix
[   16.017364] ata1: PATA max UDMA/33 cmd 0x1f0 ctl 0x3f6 bmdma 0xd000 irq 14
[   16.060354] ata2: PATA max UDMA/33 cmd 0x170 ctl 0x376 bmdma 0xd008 irq 15
[   16.104478] libphy: Fixed MDIO Bus: probed
[   16.135631] tun: Universal TUN/TAP device driver, 1.6
[   16.169967] tun: (C) 1999-2004 Max Krasnyansky <maxk@qualcomm.com>
[   16.211335] PPP generic driver version 2.4.2
[   16.240234] ehci_hcd: USB 2.0 'Enhanced' Host Controller (EHCI) Driver
[   16.283550] ehci-pci: EHCI PCI platform driver
[   16.316325] ehci-platform: EHCI generic platform driver
[   16.352819] ohci_hcd: USB 1.1 'Open' Host Controller (OHCI) Driver
[   16.399536] ohci-pci: OHCI PCI platform driver
[   16.433056] ohci-platform: OHCI generic platform driver
[   16.469772] uhci_hcd: USB Universal Host Controller Interface driver
[   16.522256] i8042: PNP: PS/2 Controller [PNP0303:PS2K,PNP0f03:PS2M] at 0x60,0x64 irq 1,12
[   16.588694] serio: i8042 KBD port at 0x60,0x64 irq 1
[   16.621782] serio: i8042 AUX port at 0x60,0x64 irq 12
[   16.656151] mousedev: PS/2 mouse device common for all mice
[   16.702188] rtc_cmos rtc_cmos: rtc core: registered rtc_cmos as rtc0
[   16.745963] input: AT Translated Set 2 keyboard as /devices/platform/i8042/serio0/input/input2
[   16.804651] rtc_cmos rtc_cmos: alarms up to one day, 114 bytes nvram
[   16.845247] i2c /dev entries driver
[   16.872616] device-mapper: uevent: version 1.0.3
[   16.904672] device-mapper: ioctl: 4.34.0-ioctl (2015-10-28) initialised: dm-devel@redhat.com
[   16.971710] ledtrig-cpu: registered to indicate activity on CPUs
[   17.020173] NET: Registered protocol family 10
[   17.060418] NET: Registered protocol family 17
[   17.104498] Key type dns_resolver registered
[   17.143207] registered taskstats version 1
[   17.173086] Loading compiled-in X.509 certificates
[   17.209337] Loaded X.509 cert 'Build time autogenerated kernel key: 5103689f9da3e841c6100f8bb032b132cf76e38d'
[   17.278425] zswap: loaded using pool lzo/zbud
[   17.317895] Key type trusted registered
[   17.375624] Key type encrypted registered
[   17.406094] AppArmor: AppArmor sha1 policy hashing enabled
[   17.452735] ima: No TPM chip found, activating TPM-bypass!
[   17.490120] ima: Allocated hash algorithm: sha1
[   17.521839] evm: HMAC attrs: 0x1
[   17.560111]   Magic number: 7:186:218
[   17.589522] rtc_cmos rtc_cmos: setting system clock to 2019-06-17 07:13:08 UTC (1560755588)
[   17.649138] BIOS EDD facility v0.16 2004-Jun-25, 0 devices found
[   17.689214] EDD information not available.
[   17.732898] Freeing unused kernel memory: 1484K
[   17.787774] Write protecting the kernel read-only data: 14336k
[   17.829339] Freeing unused kernel memory: 1620K
[   17.861370] Freeing unused kernel memory: 68K
Loading, please wait...
starting version[   17.961470] random: udevadm: uninitialized urandom read (16 bytes read, 9 bits of entropy available)
 229
[   18.005126] random: systemd-udevd: uninitialized urandom read (16 bytes read, 9 bits of entropy available)
[   18.005269] random: systemd-udevd: uninitialized urandom read (16 bytes read, 9 bits of entropy available)
[   18.005301] random: systemd-udevd: uninitialized urandom read (16 bytes read, 9 bits of entropy available)
[   18.005343] random: systemd-udevd: uninitialized urandom read (16 bytes read, 9 bits of entropy available)
[   18.313699] random: udevadm: uninitialized urandom read (16 bytes read, 9 bits of entropy available)
[   18.399715] random: systemd-udevd: uninitialized urandom read (16 bytes read, 9 bits of entropy available)
[   18.409111] random: udevadm: uninitialized urandom read (16 bytes read, 9 bits of entropy available)
[   18.409210] random: udevadm: uninitialized urandom read (16 bytes read, 9 bits of entropy available)
[   18.409552] random: udevadm: uninitialized urandom read (16 bytes read, 9 bits of entropy available)
[   18.762691] e1000: Intel(R) PRO/1000 Network Driver - version 7.3.21-k8-NAPI
[   18.812797] e1000: Copyright (c) 1999-2006 Intel Corporation.
[   19.048154] Fusion MPT base driver 3.04.20
[   19.079360] Copyright (c) 1999-2008 LSI Corporation
[   19.121373] AVX2 version of gcm_enc/dec engaged.
[   19.155755] AES CTR mode by8 optimization enabled
[   19.244034] input: ImExPS/2 Generic Explorer Mouse as /devices/platform/i8042/serio1/input/input4
[   19.373190] Fusion MPT SPI Host driver 3.04.20
[   22.194138] e1000 0000:00:03.0 eth0: (PCI:33MHz:32-bit) 02:4c:fa:56:e0:e2
[   22.239918] e1000 0000:00:03.0 eth0: Intel(R) PRO/1000 Network Connection
[   22.291493] mptbase: ioc0: Initiating bringup
[   22.747537] ioc0: LSI53C1030 A0: Capabilities={Initiator}
[   23.859525] scsi host2: ioc0: LSI53C1030 A0, FwRev=00000000h, Ports=1, MaxQ=256, IRQ=20
[   24.186687] scsi 2:0:0:0: Direct-Access     VBOX     HARDDISK         1.0  PQ: 0 ANSI: 5
[   24.263752] scsi target2:0:0: Beginning Domain Validation
[   24.335912] scsi target2:0:0: Domain Validation skipping write tests
[   24.382145] scsi target2:0:0: Ending Domain Validation
[   24.422191] scsi target2:0:0: asynchronous
[   24.462431] scsi 2:0:1:0: Direct-Access     VBOX     HARDDISK         1.0  PQ: 0 ANSI: 5
[   24.537148] scsi target2:0:1: Beginning Domain Validation
[   24.914094] scsi target2:0:1: Domain Validation skipping write tests
[   24.956981] scsi target2:0:1: Ending Domain Validation
[   24.993780] scsi target2:0:1: asynchronous
[   25.052124] sd 2:0:0:0: [sda] 20971520 512-byte logical blocks: (10.7 GB/10.0 GiB)
[   25.115592] sd 2:0:0:0: Attached scsi generic sg0 type 0
[   25.159746] sd 2:0:0:0: [sda] Write Protect is off
[   25.202284] sd 2:0:1:0: Attached scsi generic sg1 type 0
[   25.254222] sd 2:0:0:0: [sda] Incomplete mode parameter data
[   25.293592] sd 2:0:1:0: [sdb] 20480 512-byte logical blocks: (10.5 MB/10.0 MiB)
[   25.361947] sd 2:0:0:0: [sda] Assuming drive cache: write through
[   25.412269] sd 2:0:1:0: [sdb] Write Protect is off
[   25.450364] sd 2:0:1:0: [sdb] Incomplete mode parameter data
[   25.497489] sd 2:0:1:0: [sdb] Assuming drive cache: write through
[   25.544800]  sda: sda1
[   25.582411] sd 2:0:1:0: [sdb] Attached SCSI disk
[   25.623781] sd 2:0:0:0: [sda] Attached SCSI disk
[   27.137867] e1000 0000:00:08.0 eth1: (PCI:33MHz:32-bit) 08:00:27:dc:8a:46
[   27.180502] e1000 0000:00:08.0 eth1: Intel(R) PRO/1000 Network Connection
[   30.320384] e1000 0000:00:09.0 eth2: (PCI:33MHz:32-bit) 08:00:27:d3:c2:f4
[   30.417740] e1000 0000:00:09.0 eth2: Intel(R) PRO/1000 Network Connection
[   33.498851] e1000 0000:00:0a.0 eth3: (PCI:33MHz:32-bit) 08:00:27:a4:5f:87
[   33.541247] e1000 0000:00:0a.0 eth3: Intel(R) PRO/1000 Network Connection
[   33.600504] e1000 0000:00:08.0 enp0s8: renamed from eth1
[   33.652412] e1000 0000:00:0a.0 enp0s10: renamed from eth3
[   33.705620] e1000 0000:00:03.0 enp0s3: renamed from eth0
[   33.768483] e1000 0000:00:09.0 enp0s9: renamed from eth2
Begin: Loading essential drivers ... [   43.569064] md: linear personality registered for level -1
[   43.620225] md: multipath personality registered for level -4
[   43.675900] md: raid0 personality registered for level 0
[   43.747933] md: raid1 personality registered for level 1
[   43.871711] raid6: sse2x1   gen()  1681 MB/s
[   43.967483] raid6: sse2x1   xor()   970 MB/s
[   44.071894] raid6: sse2x2   gen()  1938 MB/s
[   44.184147] raid6: sse2x2   xor()  1092 MB/s
[   44.288539] raid6: sse2x4   gen()  3784 MB/s
[   44.387504] raid6: sse2x4   xor()  2351 MB/s
[   44.488105] raid6: avx2x1   gen()  3021 MB/s
[   44.583431] raid6: avx2x2   gen()  6397 MB/s
[   44.680113] raid6: avx2x4   gen()  8035 MB/s
[   44.711216] raid6: using algorithm avx2x4 gen() 8035 MB/s
[   44.747884] raid6: using avx2x2 recovery algorithm
[   44.789686] xor: automatically using best checksumming function:
[   44.867494]    avx       : 12111.000 MB/sec
[   44.910820] async_tx: api initialized (async)
[   45.041178] md: raid6 personality registered for level 6
[   45.081036] md: raid5 personality registered for level 5
[   45.118674] md: raid4 personality registered for level 4
[   45.211803] md: raid10 personality registered for level 10
done.
Begin: Running /scripts/init-premount ... done.
Begin: Mounting root file system ... Begin: Running /scripts/local-top ... done.
Begin: Running /scripts/local-premount ... [   45.534562] Btrfs loaded
Scanning for Btrfs filesystems
done.
Warning: fsck not present, so skipping root file system
[   45.705770] EXT4-fs (sda1): mounted filesystem with ordered data mode. Opts: (null)
done.
Begin: Running /scripts/local-bottom ... done.
Begin: Running /scripts/init-bottom ... done.
[   46.222935] systemd[1]: systemd 229 running in system mode. (+PAM +AUDIT +SELINUX +IMA +APPARMOR +SMACK +SYSVINIT +UTMP +LIBCRYPTSETUP +GCRYPT +GNUTLS +ACL +XZ -LZ4 +SECCOMP +BLKID +ELFUTILS +KMOD -IDN)
[   46.335882] systemd[1]: Detected virtualization oracle.
[   46.375152] systemd[1]: Detected architecture x86-64.

Welcome to [1mUbuntu 16.04.6 LTS[0m!

[   46.464202] systemd[1]: Set hostname to <ubuntu>.
[   46.517737] systemd[1]: Initializing machine ID from random generator.
[   46.558053] systemd[1]: Installed transient /etc/machine-id file.
[   46.649781] random: nonblocking pool is initialized
[   47.142086] systemd[1]: Listening on Device-mapper event daemon FIFOs.
[[0;32m  OK  [0m] Listening on Device-mapper event daemon FIFOs.
[   47.222041] systemd[1]: Started Trigger resolvconf update for networkd DNS.
[[0;32m  OK  [0m] Started Trigger resolvconf update for networkd DNS.
[   47.302578] systemd[1]: Reached target User and Group Name Lookups.
[[0;32m  OK  [0m] Reached target User and Group Name Lookups.
[   47.378693] systemd[1]: Reached target Encrypted Volumes.
[[0;32m  OK  [0m] Reached target Encrypted Volumes.
[   47.445238] systemd[1]: Listening on Journal Socket.
[[0;32m  OK  [0m] Listening on Journal Socket.
[   47.509627] systemd[1]: Reached target System Time Synchronized.
[[0;32m  OK  [0m] Reached target System Time Synchronized.
[   47.594005] systemd[1]: Set up automount Arbitrary Executable File Formats File System Automount Point.
[[0;32m  OK  [0m] Set up automount Arbitrary Executab...ats File System Automount Point.
[   47.709898] systemd[1]: Listening on LVM2 metadata daemon socket.
[[0;32m  OK  [0m] Listening on LVM2 metadata daemon socket.
[   47.781885] systemd[1]: Listening on Journal Audit Socket.
[[0;32m  OK  [0m] Listening on Journal Audit Socket.
[   47.849801] systemd[1]: Listening on udev Control Socket.
[[0;32m  OK  [0m] Listening on udev Control Socket.
[   47.915777] systemd[1]: Listening on LVM2 poll daemon socket.
[[0;32m  OK  [0m] Listening on LVM2 poll daemon socket.
[   47.991912] systemd[1]: Listening on Syslog Socket.
[[0;32m  OK  [0m] Listening on Syslog Socket.
[   48.057318] systemd[1]: Listening on /dev/initctl Compatibility Named Pipe.
[[0;32m  OK  [0m] Listening on /dev/initctl Compatibility Named Pipe.
[   48.143557] systemd[1]: Reached target Swap.
[[0;32m  OK  [0m] Reached target Swap.
[   48.205667] systemd[1]: Listening on udev Kernel Socket.
[[0;32m  OK  [0m] Listening on udev Kernel Socket.
[   48.274888] systemd[1]: Created slice System Slice.
[[0;32m  OK  [0m] Created slice System Slice.
[   48.352497] systemd[1]: Starting Nameserver information manager...
         Starting Nameserver information manager...
[   48.432164] systemd[1]: Starting Load Kernel Modules...
         Starting Load Kernel Modules...
[   48.511492] systemd[1]: Starting Set console keymap...
[   48.557983] Loading iSCSI transport class v2.0-870.
         Starting Set console keymap...
[   48.632346] systemd[1]: Starting Create list of required static device nodes for the current kernel...
         Starting Create list of required st... nodes for the current kernel...
[   48.770975] iscsi: registered transport (tcp)
[   48.824361] systemd[1]: Mounting POSIX Message Queue File System...
         Mounting POSIX Message Queue File System...
[   48.912816] systemd[1]: Starting Remount Root and Kernel File Systems...
         Starting Remount Root and Kernel File Systems...
[   49.030583] systemd[1]: Created slice system-serial\x2dgetty.slice.
[   49.039435] EXT4-fs (sda1): re-mounted. Opts: (null)
[[0;32m  OK  [0m] Created slice system-serial\x2dgetty.slice.
[   49.184101] systemd[1]: Mounting Debug File System...
         Mounting Debug File System...
[   49.254660] systemd[1]: Listening on Journal Socket (/dev/log).
[   49.296568] iscsi: registered transport (iser)
[[0;32m  OK  [0m] Listening on Journal Socket (/dev/log).
[   49.363961] systemd[1]: Starting Journal Service...
         Starting Journal Service...
[   49.439343] systemd[1]: Starting Uncomplicated firewall...
         Starting Uncomplicated firewall...
[   49.511895] systemd[1]: Created slice User and Session Slice.
[[0;32m  OK  [0m] Created slice User and Session Slice.
[   49.590028] systemd[1]: Reached target Slices.
[[0;32m  OK  [0m] Reached target Slices.
[   49.663667] systemd[1]: Mounting Huge Pages File System...
         Mounting Huge Pages File System...
[   49.738064] systemd[1]: Starting Monitoring of LVM2 mirrors, snapshots etc. using dmeventd or progress polling...
         Starting Monitoring of LVM2 mirrors... dmeventd or progress polling...
[   49.869296] systemd[1]: Started Forward Password Requests to Wall Directory Watch.
[[0;32m  OK  [0m] Started Forward Password Requests to Wall Directory Watch.
[   49.994192] systemd[1]: Mounted POSIX Message Queue File System.
[[0;32m  OK  [0m] Mounted POSIX Message Queue File System.
[   50.069425] systemd[1]: Mounted Huge Pages File System.
[[0;32m  OK  [0m] Mounted Huge Pages File System.
[   50.139275] systemd[1]: Mounted Debug File System.
[[0;32m  OK  [0m] Mounted Debug File System.
[   50.202787] systemd[1]: Started Journal Service.
[[0;32m  OK  [0m] Started Journal Service.
[[0;32m  OK  [0m] Started Load Kernel Modules.
[[0;32m  OK  [0m] Started Set console keymap.
[[0;32m  OK  [0m] Started Create list of required sta...ce nodes for the current kernel.
[[0;32m  OK  [0m] Started Remount Root and Kernel File Systems.
[[0;32m  OK  [0m] Started Uncomplicated firewall.
[[0;32m  OK  [0m] Started Nameserver information manager.
[[0;32m  OK  [0m] Started LVM2 metadata daemon.
         Starting Load/Save Random Seed...
         Starting udev Coldplug all Devices...
         Starting Create Static Device Nodes in /dev...
         Starting Apply Kernel Variables...
         Mounting FUSE Control File System...
         Starting Flush Journal to Persistent Storage...
[[0;32m  OK  [0m] Mounted FUSE Control File System.
[[0;32m  OK  [0m] Started Load/Save Random Seed.
[[0;32m  OK  [0m] Started Create Static Device Nodes in /dev.
[[0;32m  OK  [0m] Started Apply Kernel Variables.
[[0;32m  OK  [0m] Started udev Coldplug all Devices.
[[0;32m  OK  [0m] Started Monitoring of LVM2 mirrors,...ng dmeventd or progress polling.
[[0;32m  OK  [0m] Started Flush Journal to Persistent Storage.
         Starting udev Kernel Device Manager...
[[0;32m  OK  [0m] Reached target Local File Systems (Pre).
[[0;32m  OK  [0m] Reached target Local File Systems.
         Starting LSB: AppArmor initialization...
         Starting Create Volatile Files and Directories...
         Starting Set console font and keymap...
         Starting Initial cloud-init job (pre-networking)...
         Starting Commit a transient machine-id on disk...
         Starting Tell Plymouth To Write Out Runtime Data...
[[0;32m  OK  [0m] Started udev Kernel Device Manager.
[[0;32m  OK  [0m] Started Create Volatile Files and Directories.
[[0;32m  OK  [0m] Started Commit a transient machine-id on disk.
[[0;32m  OK  [0m] Started Tell Plymouth To Write Out Runtime Data.
[   45.782519] cloud-init[493]: Cloud-init v. 19.1-1-gbaa47854-0ubuntu1~16.04.1 running 'init-local' at Mon, 17 Jun 2019 07:13:45 +0000. Up 44.73 seconds.
[[0;32m  OK  [0m] Started Initial cloud-init job (pre-networking).
[[0;32m  OK  [0m] Found device /dev/ttyS0.
[[0;32m  OK  [0m] Listening on Load/Save RF Kill Switch Status /dev/rfkill Watch.
[[0;32m  OK  [0m] Reached target Network (Pre).
         Starting Update UTMP about System Boot/Shutdown...
[[0;32m  OK  [0m] Started Dispatch Password Requests to Console Directory Watch.
[[0;32m  OK  [0m] Started LSB: AppArmor initialization.
         Starting Raise network interfaces...
[[0;32m  OK  [0m] Started Update UTMP about System Boot/Shutdown.
[[0;32m  OK  [0m] Started Set console font and keymap.
[[0;32m  OK  [0m] Created slice system-getty.slice.
[[0;32m  OK  [0m] Started Raise network interfaces.
[[0;32m  OK  [0m] Reached target Network.
         Starting Initial cloud-init job (metadata service crawler)...
[   74.333164] cloud-init[984]: Cloud-init v. 19.1-1-gbaa47854-0ubuntu1~16.04.1 running 'init' at Mon, 17 Jun 2019 07:14:12 +0000. Up 71.77 seconds.
[   74.409063] cloud-init[984]: ci-info: +++++++++++++++++++++++++++++++++++++++Net device info+++++++++++++++++++++++++++++++++++++++
[[0;32m  OK  [0m] Started Initial cloud-init job (metadata service crawler).
[   74.510908] cloud-init[984]: ci-info: +---------+-------+----------------------------+---------------+--------+-------------------+
[[0;32m  OK  [0m] Reached target System Initialization.
[[0;32m  OK  [0m] Started Daily apt download activities.
[[0;32m  OK  [0m] Listening on ACPID Listen Socket.
[[0;32m  OK  [0m] Listening on D-Bus System Message Bus Socket.
[   74.602413] cloud-init[984]: ci-info: |  Device |   Up  |          Address           |      Mask     | Scope  |     Hw-Address    |
         Starting LXD - unix socket.
[   74.827563] cloud-init[984]: ci-info: +---------+-------+----------------------------+---------------+--------+-------------------+
[   74.914704] cloud-init         Starting Socket activation for snappy daemon.
[[0;32m  OK  [0m] Started Daily Cleanup of Temporary Directories.
[[0;32m  OK  [0m] Started Daily apt upgrade and clean activities.
[[0;32m  OK  [0m] Reached target Timers.
[984]: [[0;32m  OK  [0m] Started ACPI Events Check.
[[0;32m  OK  [0m] Reached target Paths.
[[0;32m  OK  [0m] Listening on UUID daemon activation socket.
[[0;32m  OK  [0m] Reached target Cloud-config availability.
[[0;32m  OK  [0m] Reached target Network is Online.
ci-info: | enp0s10 | False |             .              |       .       |   .    | 08:00:27:a4:5f:87 |
         Starting iSCSI initiator daemon (iscsid)...
[   75.238016] cloud-init[984]: ci-info: |  enp0s3 |  True |         10.0.2.15          | 255.255.255.0 | global | 02:4c:fa:56:e0:e2 |
[   75.347327] cloud-init[984]: ci-info: |  enp0s3 |  True | fe80::4c:faff:fe56:e0e2/64 |       .       |  link  | 02:4c:fa:56:e0:e2 |[[0;32m  OK  [0m] Listening on LXD - unix socket.
[[0;32m  OK  [0m] Listening on Socket activation for snappy daemon.

[   75.454500] cloud-init[984]: ci-info: |  enp0s8 | False |             .              |       .       |   .    | 08:00:27:dc:8a:46 |
[[0;32m  OK  [0m] Reached target Sockets.
[[0;32m  OK  [0m] Reached target Basic System.
         Starting System Logging Service...
[[0;32m  OK  [0m] Started D-Bus System Message Bus.
[   75.617507] cloud-init[984]: ci-info: |  enp0s9 | False |             .              |       .       |   .    | 08:00:27:d3:c2:f4 |
[   75.714124] cloud-init[984]: ci-info: |    lo   |  True |         127.0.0.1          |   255.0.0.0   |  host  |         .         |
[   75.797464] cloud-init[984]: ci-info: |    lo   |  True |          ::1/128           |       .       |  host  |         .         |
[   75.867062] cloud-init         Starting Snappy daemon...
         Starting LXD - container startup/shutdown...
         Starting Pollinate to seed the pseudo random number generator...
[984]: ci-info: +---------+-------+----------------------------+---------------+--------+-------------------+
[[0;32m  OK  [0m] Started Regular background program processing daemon.
         Starting /etc/rc.local Compatibility...
[   76.006240]          Starting Virtualbox guest utils...
cloud-init[[0;32m  OK  [0m] Started FUSE filesystem for LXC.
[[0;32m  OK  [0m] Started Deferred execution scheduler.
[984]: ci-info: +++++++++++++++++++++++++++Route IPv4 info++++++++++++++++++++++++++++
         [   76.158768] Starting Login Service...
         Starting LSB: MD monitoring daemon...
cloud-init         Starting Accounts Service...
[984]:          Starting LSB: Record successful boot for GRUB...
ci-info: +-------+-------------+----------+---------------+-----------+-------+[
[   76.352662] cloud-init[984]: ci-info: | Route | Destination | Gateway  |    Genmask    | Interface | Flags |
[0;32m  OK  [0m[   76.357717] ] Started ACPI event daemon.
[[0;32m  OK  [0m] Started System Logging Service.
[[0;32m  OK  [0m] Started iSCSI initiator daemon (iscsid).
[[0;32m  OK  [0m] Started /etc/rc.local Compatibility.
cloud-init[984]: ci-info: +-------+-------------+----------+---------------+-----------+-------+
[   76.837519] cloud-init[[0;32m  OK  [0m] Started Login Service.
[984]: ci-info: |   0   |   0.0.0.0   | 10.0.2.2 |    0.0.0.0    |   enp0s3  |   UG  |
[[0;32m  OK  [0m] Started Unattended Upgrades Shutdown.
[   77.017535] cloud-init[984]: ci-info: |   1   |   10.0.2.0  | 0.0.0.0  | 255.255.255.0 |   enp0s3  |   U   |
[   77.170466] cloud-init[984]: ci-info: +-------+-------------+----------+---------------+-----------+-------+
[   77.177930] cloud-init[984]: ci-info: +++++++++++++++++++Route IPv6 info+++++++++++++++++++
         Starting Authenticate and Authorize Users to Run Privileged Tasks...[   77.178170] 
cloud-init[984]: ci-info: +-------+-------------+---------+-----------+-------+
         Starting Login to default iSCSI targets...
[[0;32m  OK  [0m[   77.458210] ] Started LSB: MD monitoring daemon.
[[0;32m  OK  [0m] Started LSB: Record successful boot for GRUB.
cloud-init[984]: ci-info: | Route | Destination | Gateway | Interface | Flags |
[   77.652109] cloud-init[984]: ci-info: +-------+-------------+---------+-----------+-------+[[0;32m  OK  [0m] Started Login to default iSCSI targets.

[[0;32m  OK  [0m] Reached target Remote File Systems (Pre).
[[0;32m  OK  [0m] Reached target Remote File Systems.
[   77.849953] cloud-init[984]: ci-info: |   0   |  fe80::/64  |    ::   |   enp0s3  |   U   |
         Starting LSB: daemon to balance interrupts for SMP systems...
         Starting LSB: Set the CPU Frequency Scaling governor to "ondemand"...
         Starting LSB: automatic crash report generation...
         Starting Permit User Sessions...
[[0;32m  OK  [0m] Started LXD - container startup/shutdown.
[[0;32m  OK  [0m] Started Authenticate and Authorize Users to Run Privileged Tasks.
[   77.996828] cloud-init[[0;32m  OK  [0m] Started Permit User Sessions.
[984]: ci-info: |   4   |   ff00::/8  |    ::   |   enp0s3  |   U   |         Starting Hold until boot process finishes up...
         Starting Terminate Plymouth Boot Screen...
[[0;32m  OK  [0m] Started Accounts Service.
[[0;32m  OK  [0m] Started Terminate Plymouth Boot Screen.
[[0;32m  OK  [0m] Started Hold until boot process finishes up.

[[0;32m  OK  [0m] Started Getty on tty1.
[[0;32m  OK  [0m] Started Serial Getty on ttyS0.
[[0;32m  OK  [0m] Reached target Login Prompts.
         [   78.722362] Starting Set console scheme...
[[0;32m  OK  [0m] Started LSB: automatic crash report generation.
cloud-init[984]: ci-info: +-------+-------------+---------+-----------+-------+
[[0;32m  OK  [0m] Started LSB: daemon to balance interrupts for SMP systems.
[[0;32m  OK  [0m[   78.926423] ] Started LSB: Set the CPU Frequency Scaling governor to "ondemand".cloud-init
[[0;32m  OK  [0m] Started Set console scheme.
[984]: Generating public/private rsa key pair.
[   79.132497] [[0;32m  OK  [0m] Started Snappy daemon.
         Starting Wait until snapd is fully seeded...
cloud-init[984]: Your identification has been saved in /etc/ssh/ssh_host_rsa_key.
[   79.326733] cloud-init[[0;32m  OK  [0m] Started Virtualbox guest utils.
[984]: Your public key has been saved in /etc/ssh/ssh_host_rsa_key.pub.
[   79.530661] cloud-init[984]: The key fingerprint is:
[   79.619471] cloud-init[984]: SHA256:8aHnnapgqsqne6EB0krJh5sv9YejTOkabaRjYx3OVE0 root@ubuntu-xenial
[[0;32m  OK  [0m] Started Pollinate to seed the pseudo random number generator.
[   79.741129] cloud-init         Starting OpenBSD Secure Shell server...
[984]: The key's randomart image is:
[   79.849081] cloud-init[984]: +---[RSA 2048]----+
[   79.849223] cloud-init[984]: |       E         |
[   79.849354] cloud-init[984]: |      o          |
[   79.900301] cloud-init[984]: |..o  . .. .      |
[   79.958093] cloud-init[984]: |o=...    + .     |
[   80.043381] cloud-init[984]: |+.++    S o      |
[   80.125912] cloud-init[984]: [[0;32m  OK  [0m] Started OpenBSD Secure Shell server.
|.+Ooo    o . .   |
[   80.217119] cloud-init[984]: | B=Oo +   . o    |
[   80.277099] cloud-init[984]: |+oO+ * o   .     |
[   80.326061] cloud-init[984]: |.*O=o o ...      |
[   80.380629] cloud-init[984]: +----[SHA256]-----+
[   80.434079] cloud-init[984]: Generating public/private dsa key pair.
[   80.492786] cloud-init[984]: Your identification has been saved in /etc/ssh/ssh_host_dsa_key.
[   80.555401] cloud-init[984]: Your public key has been saved in /etc/ssh/ssh_host_dsa_key.pub.
[   80.627788] cloud-init[984]: The key fingerprint is:
[   80.673619] cloud-init[984]: SHA256:ymcK2NhY0wrPMZDyr+GYyeFNRlZryv1kZDxsomOFvhY root@ubuntu-xenial
[   80.736174] cloud-init[984]: The key's randomart image is:
[   80.788624] cloud-init[984]: +---[DSA 1024]----+
[   80.838501] cloud-init[984]: |                 |
[   80.883764] cloud-init[984]: |   .             |
[   80.925529] cloud-init[984]: |. o  .           |
[   80.970773] cloud-init[984]: | o .o.+          |
[   81.017254] cloud-init[984]: |  o+==.BS        |
[   81.058454] cloud-init[984]: |  =E**=..        |
[   81.100210] cloud-init[984]: | .=XX.ooo        |
[   81.136648] cloud-init[984]: |o=*+o.++         |
[   81.174803] cloud-init[984]: |+o+o  ..         |
[   81.211516] cloud-init[984]: +----[SHA256]-----+
[   81.260482] cloud-init[984]: Generating public/private ecdsa key pair.
[   81.306450] cloud-init[984]: Your identification has been saved in /etc/ssh/ssh_host_ecdsa_key.
[   81.365946] cloud-init[984]: Your public key has been saved in /etc/ssh/ssh_host_ecdsa_key.pub.
[   81.425644] cloud-init[984]: The key fingerprint is:
[   81.479752] cloud-init[984]: SHA256:l+hYswnLs+TcUe5NtBDe0Eyg1LOR1ubLsy7bV/7I0OQ root@ubuntu-xenial
[   81.545194] cloud-init[984]: The key's randomart image is:
[   81.602716] cloud-init[984]: +---[ECDSA 256]---+
[   81.665905] cloud-init[984]: |        ...+.    |
[   81.724731] cloud-init[984]: |       . .*+o    |
[   81.780167] cloud-init[984]: |        ..o*o    |
[   81.838236] cloud-init[984]: |         o.=.    |
[   81.918037] cloud-init[984]: |      . S *.o..  |
[   81.966907] [[0;32m  OK  [0m] Created slice User Slice of vagrant.
cloud-init[984]: |     . * B o+=  .|
         Starting User Manager for UID 1000...
[[0;32m  OK  [0m] Started Session 1 of user vagrant.
[   82.036375] cloud-init[984]: |      * = . +oEo |
[   82.120940] cloud-init[984]: |     + + o.+.o...|
[   82.160908] cloud-init[984]: |      + . o++.o o|
[   82.204961] cloud-init[984]: +----[SHA256]-----+
[   82.238202] cloud-init[984]: Generating public/private ed25519 key pair.
[   82.280592] [[0;32m  OK  [0m] Started User Manager for UID 1000.
cloud-init[984]: Your identification has been saved in /etc/ssh/ssh_host_ed25519_key.
[   82.349649] cloud-init[984]: Your public key has been saved in /etc/ssh/ssh_host_ed25519_key.pub.
[   82.411330] cloud-init[984]: The key fingerprint is:
[   82.453141] cloud-init[984]: SHA256:RuZWAWUyvBaN4kavCd/hnMgfoILMm42e3+YgPzJ74a8 root@ubuntu-xenial
[   82.513747] cloud-init[984]: The key's randomart image is:
[   82.560706] cloud-init[984]: +--[ED25519 256]--+
[   82.614390] cloud-init[984]: |       .+=+      |
[   82.674706] cloud-init[984]: |      o ++..     |
[   82.707345] cloud-init[984]: |     o ooo.      |
[[0;32m  OK  [0m] Started Wait until snapd is fully seeded.
[[0;32m  OK  [0m] Reached target Multi-User System.
[[0;32m  OK  [0m] Reached target Graphical Interface.
[   82.762405] cloud-init[984]: |    . ++=.       |
         Starting Update UTMP about System Runlevel Changes...
         [   82.831575] cloud-init[984]: |o.   * XSo       |
Starting Apply the settings specified in cloud-config...[   82.861382] 
cloud-init[984]: |.o... *o*        |
[   82.961077] cloud-init[984]: | .*o.  . .       |
[   82.961414] cloud-init[984]: | *+=o.  .        |
[[0;32m  OK  [0m] Started Update UTMP about System Runlevel Changes.
[   82.961606] cloud-init[984]: |.+*E*+           |
[   83.071759] cloud-init[984]: +----[SHA256]-----+

Ubuntu 16.04.6 LTS ubuntu-xenial ttyS0

ubuntu-xenial login: [   86.268789] cloud-init[1361]: Generating locales (this might take a while)...
[   92.997827] cloud-init[1361]:   en_US.UTF-8... done
[   93.016658] cloud-init[1361]: Generation complete.
[   94.248837] cloud-init[1361]: Cloud-init v. 19.1-1-gbaa47854-0ubuntu1~16.04.1 running 'modules:config' at Mon, 17 Jun 2019 07:14:26 +0000. Up 85.57 seconds.
ci-info: no authorized ssh keys fingerprints found for user ubuntu.
<14>Jun 17 07:14:37 ec2: 
<14>Jun 17 07:14:37 ec2: #############################################################
<14>Jun 17 07:14:37 ec2: -----BEGIN SSH HOST KEY FINGERPRINTS-----
<14>Jun 17 07:14:37 ec2: 1024 SHA256:ymcK2NhY0wrPMZDyr+GYyeFNRlZryv1kZDxsomOFvhY root@ubuntu-xenial (DSA)
<14>Jun 17 07:14:37 ec2: 256 SHA256:l+hYswnLs+TcUe5NtBDe0Eyg1LOR1ubLsy7bV/7I0OQ root@ubuntu-xenial (ECDSA)
<14>Jun 17 07:14:37 ec2: 256 SHA256:RuZWAWUyvBaN4kavCd/hnMgfoILMm42e3+YgPzJ74a8 root@ubuntu-xenial (ED25519)
<14>Jun 17 07:14:37 ec2: 2048 SHA256:8aHnnapgqsqne6EB0krJh5sv9YejTOkabaRjYx3OVE0 root@ubuntu-xenial (RSA)
<14>Jun 17 07:14:37 ec2: -----END SSH HOST KEY FINGERPRINTS-----
<14>Jun 17 07:14:37 ec2: #############################################################
-----BEGIN SSH HOST KEY KEYS-----
ecdsa-sha2-nistp256 AAAAE2VjZHNhLXNoYTItbmlzdHAyNTYAAAAIbmlzdHAyNTYAAABBBEApj+uSoJrbsfNs5c8WLejPPwnkKZ8OO6St4x9Qc1oaCeLNMmm05r+TBXC+OP1fyUPTSQNDK/aVfqYIU7N0jZ8= root@ubuntu-xenial
ssh-ed25519 AAAAC3NzaC1lZDI1NTE5AAAAIDdAXCvPWHnxvxUD35f822AXj45SBmTa/l2SlcEqsYbR root@ubuntu-xenial
ssh-rsa AAAAB3NzaC1yc2EAAAADAQABAAABAQC1QTRpiNBaqzgz0H8OPpVszJDYFsBLYTSXyzHWwHx8XrkWa9aZCMMgoVfi5QLZTnr9ObYjMKixec9jXGdALCoxPhVKrh2TtfEH/kk5SBjYG6/GCqTaCWg+fqFKD+I5QkuXgefDOfRH5Lle84fOj6UjI9CjTm+SmkpGxu6HmgyWvaJuk6ujNJ7WLoepBR8m9Ww6J6l0VyVKg8Nu6hPZjYxYSBsDte0xwzNHK2IuoBCSRt02/IDkfv2xbgSwpZAwn3hIXIdwm1I7Yi250VWdAh93hDlGntXwDrPwsM9VZppTSOg7WbnqCTiDiwI8X0q4QXvo6uaE1dUMXI/gQODJOOap root@ubuntu-xenial
-----END SSH HOST KEY KEYS-----
[   97.045935] cloud-init[1611]: Cloud-init v. 19.1-1-gbaa47854-0ubuntu1~16.04.1 running 'modules:final' at Mon, 17 Jun 2019 07:14:36 +0000. Up 95.93 seconds.
[   97.046160] cloud-init[1611]: ci-info: no authorized ssh keys fingerprints found for user ubuntu.
[   97.046276] cloud-init[1611]: Cloud-init v. 19.1-1-gbaa47854-0ubuntu1~16.04.1 finished at Mon, 17 Jun 2019 07:14:37 +0000. Datasource DataSourceNoCloud [seed=/dev/sdb][dsmode=net].  Up 96.55 seconds
