[    0.000000] Initializing cgroup subsys cpuset
[    0.000000] Initializing cgroup subsys cpu
[    0.000000] Initializing cgroup subsys cpuacct
[    0.000000] Linux version 4.4.0-148-generic (buildd@lgw01-amd64-031) (gcc version 5.4.0 20160609 (Ubuntu 5.4.0-6ubuntu1~16.04.10) ) #174-Ubuntu SMP Tue May 7 12:20:14 UTC 2019 (Ubuntu 4.4.0-148.174-generic 4.4.177)
[    0.000000] Command line: BOOT_IMAGE=/boot/vmlinuz-4.4.0-148-generic root=LABEL=cloudimg-rootfs ro console=tty1 console=ttyS0
[    0.000000] KERNEL supported cpus:
[    0.000000]   Intel GenuineIntel
[    0.000000]   AMD AuthenticAMD
[    0.000000]   Centaur CentaurHauls
[    0.000000] x86/fpu: xstate_offset[2]:  576, xstate_sizes[2]:  256
[    0.000000] x86/fpu: Supporting XSAVE feature 0x01: 'x87 floating point registers'
[    0.000000] x86/fpu: Supporting XSAVE feature 0x02: 'SSE registers'
[    0.000000] x86/fpu: Supporting XSAVE feature 0x04: 'AVX registers'
[    0.000000] x86/fpu: Enabled xstate features 0x7, context size is 832 bytes, using 'standard' format.
[    0.000000] e820: BIOS-provided physical RAM map:
[    0.000000] BIOS-e820: [mem 0x0000000000000000-0x000000000009fbff] usable
[    0.000000] BIOS-e820: [mem 0x000000000009fc00-0x000000000009ffff] reserved
[    0.000000] BIOS-e820: [mem 0x00000000000f0000-0x00000000000fffff] reserved
[    0.000000] BIOS-e820: [mem 0x0000000000100000-0x000000003ffeffff] usable
[    0.000000] BIOS-e820: [mem 0x000000003fff0000-0x000000003fffffff] ACPI data
[    0.000000] BIOS-e820: [mem 0x00000000fec00000-0x00000000fec00fff] reserved
[    0.000000] BIOS-e820: [mem 0x00000000fee00000-0x00000000fee00fff] reserved
[    0.000000] BIOS-e820: [mem 0x00000000fffc0000-0x00000000ffffffff] reserved
[    0.000000] NX (Execute Disable) protection: active
[    0.000000] SMBIOS 2.5 present.
[    0.000000] Hypervisor detected: KVM
[    0.000000] e820: last_pfn = 0x3fff0 max_arch_pfn = 0x400000000
[    0.000000] MTRR: Disabled
[    0.000000] x86/PAT: MTRRs disabled, skipping PAT initialization too.
[    0.000000] CPU MTRRs all blank - virtualized system.
[    0.000000] x86/PAT: Configuration [0-7]: WB  WT  UC- UC  WB  WT  UC- UC  
[    0.000000] found SMP MP-table at [mem 0x0009fff0-0x0009ffff] mapped at [ffff88000009fff0]
[    0.000000] Scanning 1 areas for low memory corruption
[    0.000000] RAMDISK: [mem 0x362fa000-0x37174fff]
[    0.000000] ACPI: Early table checksum verification disabled
[    0.000000] ACPI: RSDP 0x00000000000E0000 000024 (v02 VBOX  )
[    0.000000] ACPI: XSDT 0x000000003FFF0030 00003C (v01 VBOX   VBOXXSDT 00000001 ASL  00000061)
[    0.000000] ACPI: FACP 0x000000003FFF00F0 0000F4 (v04 VBOX   VBOXFACP 00000001 ASL  00000061)
[    0.000000] ACPI: DSDT 0x000000003FFF0470 0022EA (v02 VBOX   VBOXBIOS 00000002 INTL 20100528)
[    0.000000] ACPI: FACS 0x000000003FFF0200 000040
[    0.000000] ACPI: FACS 0x000000003FFF0200 000040
[    0.000000] ACPI: APIC 0x000000003FFF0240 00005C (v02 VBOX   VBOXAPIC 00000001 ASL  00000061)
[    0.000000] ACPI: SSDT 0x000000003FFF02A0 0001CC (v01 VBOX   VBOXCPUT 00000002 INTL 20100528)
[    0.000000] No NUMA configuration found
[    0.000000] Faking a node at [mem 0x0000000000000000-0x000000003ffeffff]
[    0.000000] NODE_DATA(0) allocated [mem 0x3ffeb000-0x3ffeffff]
[    0.000000] kvm-clock: Using msrs 4b564d01 and 4b564d00
[    0.000000] kvm-clock: cpu 0, msr 0:3ffe3001, primary cpu clock
[    0.000000] kvm-clock: using sched offset of 22599180134 cycles
[    0.000000] clocksource: kvm-clock: mask: 0xffffffffffffffff max_cycles: 0x1cd42e4dffb, max_idle_ns: 881590591483 ns
[    0.000000] Zone ranges:
[    0.000000]   DMA      [mem 0x0000000000001000-0x0000000000ffffff]
[    0.000000]   DMA32    [mem 0x0000000001000000-0x000000003ffeffff]
[    0.000000]   Normal   empty
[    0.000000]   Device   empty
[    0.000000] Movable zone start for each node
[    0.000000] Early memory node ranges
[    0.000000]   node   0: [mem 0x0000000000001000-0x000000000009efff]
[    0.000000]   node   0: [mem 0x0000000000100000-0x000000003ffeffff]
[    0.000000] Initmem setup node 0 [mem 0x0000000000001000-0x000000003ffeffff]
[    0.000000] ACPI: PM-Timer IO Port: 0x4008
[    0.000000] IOAPIC[0]: apic_id 2, version 32, address 0xfec00000, GSI 0-23
[    0.000000] ACPI: INT_SRC_OVR (bus 0 bus_irq 0 global_irq 2 dfl dfl)
[    0.000000] ACPI: INT_SRC_OVR (bus 0 bus_irq 9 global_irq 9 low level)
[    0.000000] Using ACPI (MADT) for SMP configuration information
[    0.000000] smpboot: Allowing 2 CPUs, 0 hotplug CPUs
[    0.000000] PM: Registered nosave memory: [mem 0x00000000-0x00000fff]
[    0.000000] PM: Registered nosave memory: [mem 0x0009f000-0x0009ffff]
[    0.000000] PM: Registered nosave memory: [mem 0x000a0000-0x000effff]
[    0.000000] PM: Registered nosave memory: [mem 0x000f0000-0x000fffff]
[    0.000000] e820: [mem 0x40000000-0xfebfffff] available for PCI devices
[    0.000000] Booting paravirtualized kernel on KVM
[    0.000000] clocksource: refined-jiffies: mask: 0xffffffff max_cycles: 0xffffffff, max_idle_ns: 7645519600211568 ns
[    0.000000] setup_percpu: NR_CPUS:512 nr_cpumask_bits:512 nr_cpu_ids:2 nr_node_ids:1
[    0.000000] PERCPU: Embedded 34 pages/cpu @ffff88003fc00000 s99480 r8192 d31592 u1048576
[    0.000000] Built 1 zonelists in Node order, mobility grouping on.  Total pages: 257912
[    0.000000] Policy zone: DMA32
[    0.000000] Kernel command line: BOOT_IMAGE=/boot/vmlinuz-4.4.0-148-generic root=LABEL=cloudimg-rootfs ro console=tty1 console=ttyS0
[    0.000000] PID hash table entries: 4096 (order: 3, 32768 bytes)
[    0.000000] Memory: 997732K/1048120K available (8609K kernel code, 1334K rwdata, 4028K rodata, 1484K init, 1284K bss, 50388K reserved, 0K cma-reserved)
[    0.000000] SLUB: HWalign=64, Order=0-3, MinObjects=0, CPUs=2, Nodes=1
[    0.000000] Kernel/User page tables isolation: enabled
[    0.000000] Hierarchical RCU implementation.
[    0.000000] 	Build-time adjustment of leaf fanout to 64.
[    0.000000] 	RCU restricting CPUs from NR_CPUS=512 to nr_cpu_ids=2.
[    0.000000] RCU: Adjusting geometry for rcu_fanout_leaf=64, nr_cpu_ids=2
[    0.000000] NR_IRQS:33024 nr_irqs:440 16
[    0.000000] Console: colour VGA+ 80x25
[    0.000000] console [tty1] enabled
[    0.000000] console [ttyS0] enabled
[    0.000000] tsc: Detected 2194.920 MHz processor
[    5.698550] Calibrating delay loop (skipped) preset value.. 4389.84 BogoMIPS (lpj=8779680)
[    5.779573] pid_max: default: 32768 minimum: 301
[    5.824952] ACPI: Core revision 20150930
[    5.869069] ACPI: 2 ACPI AML tables successfully acquired and loaded
[    5.930714] Security Framework initialized
[    5.970789] Yama: becoming mindful.
[    6.007256] AppArmor: AppArmor initialized
[    6.043617] Dentry cache hash table entries: 131072 (order: 8, 1048576 bytes)
[    6.114783] Inode-cache hash table entries: 65536 (order: 7, 524288 bytes)
[    6.168315] Mount-cache hash table entries: 2048 (order: 2, 16384 bytes)
[    6.219029] Mountpoint-cache hash table entries: 2048 (order: 2, 16384 bytes)
[    6.275032] Initializing cgroup subsys io
[    6.310139] Initializing cgroup subsys memory
[    6.360616] Initializing cgroup subsys devices
[    6.418896] Initializing cgroup subsys freezer
[    6.478789] Initializing cgroup subsys net_cls
[    6.527995] Initializing cgroup subsys perf_event
[    6.580968] Initializing cgroup subsys net_prio
[    6.620506] Initializing cgroup subsys hugetlb
[    6.661490] Initializing cgroup subsys pids
[    6.707346] mce: CPU supports 0 MCE banks
[    6.746665] Last level iTLB entries: 4KB 64, 2MB 8, 4MB 8
[    6.794332] Last level dTLB entries: 4KB 64, 2MB 0, 4MB 0, 1GB 4
[    6.844300] Spectre V2 : Mitigation: Full generic retpoline
[    6.898990] Spectre V2 : Spectre v2 / SpectreRSB mitigation: Filling RSB on context switch
[    6.970004] Speculative Store Bypass: Vulnerable
[    7.012503] MDS: Vulnerable: Clear CPU buffers attempted, no microcode
[    7.229617] Freeing SMP alternatives memory: 36K
[    7.608033] ftrace: allocating 32293 entries in 127 pages
[    9.768816] smpboot: APIC(0) Converting physical 0 to logical package 0
[    9.824809] smpboot: Max logical packages: 1
[    9.874425] x2apic enabled
[    9.918135] Switched APIC routing to physical x2apic.
[   10.040754] ..TIMER: vector=0x30 apic1=0 pin1=2 apic2=-1 pin2=-1
[   10.232616] smpboot: CPU0: Intel(R) Core(TM) i5-5200U CPU @ 2.20GHz (family: 0x6, model: 0x3d, stepping: 0x4)
[   10.332135] Performance Events: unsupported p6 CPU model 61 no PMU driver, software events only.
[   10.692090] KVM setup paravirtual spinlock
[   10.734410] x86: Booting SMP configuration:
[   10.769911] .... node  #0, CPUs:      #1
[   10.810036] kvm-clock: cpu 1, msr 0:3ffe3041, secondary cpu clock
[   10.865001] mce: CPU supports 0 MCE banks
[   10.897120] x86: Booted up 1 node, 2 CPUs
[   10.943249] smpboot: Total of 2 processors activated (8779.68 BogoMIPS)
[   11.009762] devtmpfs: initialized
[   11.072605] evm: security.selinux
[   11.108678] evm: security.SMACK64
[   11.154572] evm: security.SMACK64EXEC
[   11.207351] evm: security.SMACK64TRANSMUTE
[   11.267849] evm: security.SMACK64MMAP
[   11.316068] evm: security.ima
[   11.348458] evm: security.capability
[   11.385064] clocksource: jiffies: mask: 0xffffffff max_cycles: 0xffffffff, max_idle_ns: 7645041785100000 ns
[   11.469897] futex hash table entries: 512 (order: 3, 32768 bytes)
[   11.521756] pinctrl core: initialized pinctrl subsystem
[   11.574509] RTC time: 23:08:00, date: 06/15/19
[   11.618137] NET: Registered protocol family 16
[   11.669891] cpuidle: using governor ladder
[   11.721397] cpuidle: using governor menu
[   11.758816] PCCT header not found.
[   11.793156] ACPI: bus type PCI registered
[   11.829834] acpiphp: ACPI Hot Plug PCI Controller Driver version: 0.5
[   11.887685] PCI: Using configuration type 1 for base access
[   11.965607] ACPI: Added _OSI(Module Device)
[   12.003584] ACPI: Added _OSI(Processor Device)
[   12.044929] ACPI: Added _OSI(3.0 _SCP Extensions)
[   12.088260] ACPI: Added _OSI(Processor Aggregator Device)
[   12.148199] ACPI: Executed 1 blocks of module-level executable AML code
[   12.247586] ACPI: Interpreter enabled
[   12.284905] ACPI: (supports S0 S5)
[   12.321527] ACPI: Using IOAPIC for interrupt routing
[   12.387154] PCI: Using host bridge windows from ACPI; if necessary, use "pci=nocrs" and report a bug
[   12.557079] ACPI: PCI Root Bridge [PCI0] (domain 0000 [bus 00-ff])
[   12.610962] acpi PNP0A03:00: _OSC: OS supports [ASPM ClockPM Segments MSI]
[   12.675826] acpi PNP0A03:00: _OSC: not requesting OS control; OS requires [ExtendedConfig ASPM ClockPM MSI]
[   12.772502] acpi PNP0A03:00: fail to add MMCONFIG information, can't access extended PCI configuration space under this bridge.
[   12.881351] PCI host bridge to bus 0000:00
[   12.921773] pci_bus 0000:00: root bus resource [io  0x0000-0x0cf7 window]
[   12.978362] pci_bus 0000:00: root bus resource [io  0x0d00-0xffff window]
[   13.037760] pci_bus 0000:00: root bus resource [mem 0x000a0000-0x000bffff window]
[   13.108717] pci_bus 0000:00: root bus resource [mem 0x40000000-0xfdffffff window]
[   13.176127] pci_bus 0000:00: root bus resource [bus 00-ff]
[   13.318845] pci 0000:00:01.1: legacy IDE quirk: reg 0x10: [io  0x01f0-0x01f7]
[   13.377000] pci 0000:00:01.1: legacy IDE quirk: reg 0x14: [io  0x03f6]
[   13.431967] pci 0000:00:01.1: legacy IDE quirk: reg 0x18: [io  0x0170-0x0177]
[   13.488413] pci 0000:00:01.1: legacy IDE quirk: reg 0x1c: [io  0x0376]
[   13.820078] pci 0000:00:07.0: quirk: [io  0x4000-0x403f] claimed by PIIX4 ACPI
[   14.307397] pci 0000:00:07.0: quirk: [io  0x4100-0x410f] claimed by PIIX4 SMB
[   14.454780] ACPI: PCI Interrupt Link [LNKA] (IRQs 5 9 10 *11)
[   14.538491] ACPI: PCI Interrupt Link [LNKB] (IRQs 5 9 *10 11)
[   14.617026] ACPI: PCI Interrupt Link [LNKC] (IRQs 5 *9 10 11)
[   14.704164] ACPI: PCI Interrupt Link [LNKD] (IRQs 5 9 10 *11)
[   14.806438] ACPI: Enabled 2 GPEs in block 00 to 07
[   14.888416] vgaarb: setting as boot device: PCI:0000:00:02.0
[   14.947589] vgaarb: device added: PCI:0000:00:02.0,decodes=io+mem,owns=io+mem,locks=none
[   15.029806] vgaarb: loaded
[   15.059368] vgaarb: bridge control possible 0000:00:02.0
[   15.107156] SCSI subsystem initialized
[   15.150227] ACPI: bus type USB registered
[   15.207959] usbcore: registered new interface driver usbfs
[   15.272999] usbcore: registered new interface driver hub
[   15.343170] usbcore: registered new device driver usb
[   15.411504] PCI: Using ACPI for IRQ routing
[   15.466818] NetLabel: Initializing
[   15.501878] NetLabel:  domain hash size = 128
[   15.544590] NetLabel:  protocols = UNLABELED CIPSOv4
[   15.590118] NetLabel:  unlabeled traffic allowed by default
[   15.645298] amd_nb: Cannot enumerate AMD northbridges
[   15.693240] clocksource: Switched to clocksource kvm-clock
[   15.796658] AppArmor: AppArmor Filesystem Enabled
[   15.840672] pnp: PnP ACPI init
[   15.887473] pnp: PnP ACPI: found 3 devices
[   15.953675] clocksource: acpi_pm: mask: 0xffffff max_cycles: 0xffffff, max_idle_ns: 2085701024 ns
[   16.058411] NET: Registered protocol family 2
[   16.114681] TCP established hash table entries: 8192 (order: 4, 65536 bytes)
[   16.173533] TCP bind hash table entries: 8192 (order: 5, 131072 bytes)
[   16.245767] TCP: Hash tables configured (established 8192 bind 8192)
[   16.305099] UDP hash table entries: 512 (order: 2, 16384 bytes)
[   16.362640] UDP-Lite hash table entries: 512 (order: 2, 16384 bytes)
[   16.415705] NET: Registered protocol family 1
[   16.460133] pci 0000:00:00.0: Limiting direct PCI/PCI transfers
[   16.509583] pci 0000:00:01.0: Activating ISA DMA hang workarounds
[   16.578253] Unpacking initramfs...
[   18.188275] Freeing initrd memory: 14828K
[   18.234887] RAPL PMU detected, API unit is 2^-32 Joules, 4 fixed counters 10737418240 ms ovfl timer
[   18.324288] hw unit of domain pp0-core 2^-0 Joules
[   18.369670] hw unit of domain package 2^-0 Joules
[   18.426110] hw unit of domain dram 2^-0 Joules
[   18.497525] hw unit of domain pp1-gpu 2^-0 Joules
[   18.587238] clocksource: tsc: mask: 0xffffffffffffffff max_cycles: 0x1fa373f688b, max_idle_ns: 440795233648 ns
[   18.688637] platform rtc_cmos: registered platform RTC device (no PNP device found)
[   18.763734] Scanning for low memory corruption every 60 seconds
[   18.818871] audit: initializing netlink subsys (disabled)
[   18.866787] audit: type=2000 audit(1560640098.315:1): initialized
[   19.010733] Initialise system trusted keyring
[   19.066110] HugeTLB registered 2 MB page size, pre-allocated 0 pages
[   19.126608] zbud: loaded
[   19.162385] VFS: Disk quotas dquot_6.6.0
[   19.203905] VFS: Dquot-cache hash table entries: 512 (order 0, 4096 bytes)
[   19.256718] squashfs: version 4.0 (2009/01/31) Phillip Lougher
[   19.309461] fuse init (API version 7.23)
[   19.344723] Key type big_key registered
[   19.378053] Allocating IMA MOK and blacklist keyrings.
[   19.447020] Key type asymmetric registered
[   19.488525] Asymmetric key parser 'x509' registered
[   19.535481] Block layer SCSI generic (bsg) driver version 0.4 loaded (major 249)
[   19.618059] io scheduler noop registered
[   19.668517] io scheduler deadline registered (default)
[   19.752876] io scheduler cfq registered
[   19.807561] pci_hotplug: PCI Hot Plug PCI Core version: 0.5
[   19.867036] pciehp: PCI Express Hot Plug Controller Driver version: 0.4
[   19.925526] ACPI: AC Adapter [AC] (on-line)
[   19.969630] input: Power Button as /devices/LNXSYSTM:00/LNXPWRBN:00/input/input0
[   20.050500] ACPI: Power Button [PWRF]
[   20.088179] input: Sleep Button as /devices/LNXSYSTM:00/LNXSLPBN:00/input/input1
[   20.150178] ACPI: Sleep Button [SLPF]
[   20.194940] GHES: HEST is not enabled!
[   20.210365] ACPI: Battery Slot [BAT0] (battery present)
[   20.277047] Serial: 8250/16550 driver, 32 ports, IRQ sharing enabled
[   20.385783] 00:02: ttyS0 at I/O 0x3f8 (irq = 4, base_baud = 115200) is a 16550A
[   20.467566] Linux agpgart interface v0.103
[   20.518281] loop: module loaded
[   20.562714] scsi host0: ata_piix
[   20.604270] scsi host1: ata_piix
[   20.639408] ata1: PATA max UDMA/33 cmd 0x1f0 ctl 0x3f6 bmdma 0xd000 irq 14
[   20.697826] ata2: PATA max UDMA/33 cmd 0x170 ctl 0x376 bmdma 0xd008 irq 15
[   20.752987] libphy: Fixed MDIO Bus: probed
[   20.799117] tun: Universal TUN/TAP device driver, 1.6
[   20.848412] tun: (C) 1999-2004 Max Krasnyansky <maxk@qualcomm.com>
[   20.928527] PPP generic driver version 2.4.2
[   20.981065] ehci_hcd: USB 2.0 'Enhanced' Host Controller (EHCI) Driver
[   21.044819] ehci-pci: EHCI PCI platform driver
[   21.088577] ehci-platform: EHCI generic platform driver
[   21.129427] ohci_hcd: USB 1.1 'Open' Host Controller (OHCI) Driver
[   21.185188] ohci-pci: OHCI PCI platform driver
[   21.228358] ohci-platform: OHCI generic platform driver
[   21.286294] uhci_hcd: USB Universal Host Controller Interface driver
[   21.343716] i8042: PNP: PS/2 Controller [PNP0303:PS2K,PNP0f03:PS2M] at 0x60,0x64 irq 1,12
[   21.432590] serio: i8042 KBD port at 0x60,0x64 irq 1
[   21.479221] serio: i8042 AUX port at 0x60,0x64 irq 12
[   21.519941] mousedev: PS/2 mouse device common for all mice
[   21.571070] input: AT Translated Set 2 keyboard as /devices/platform/i8042/serio0/input/input2
[   21.648267] rtc_cmos rtc_cmos: rtc core: registered rtc_cmos as rtc0
[   21.702111] rtc_cmos rtc_cmos: alarms up to one day, 114 bytes nvram
[   21.754426] i2c /dev entries driver
[   21.788404] device-mapper: uevent: version 1.0.3
[   21.830227] device-mapper: ioctl: 4.34.0-ioctl (2015-10-28) initialised: dm-devel@redhat.com
[   21.908900] ledtrig-cpu: registered to indicate activity on CPUs
[   21.962634] NET: Registered protocol family 10
[   22.016837] NET: Registered protocol family 17
[   22.081165] Key type dns_resolver registered
[   22.139331] registered taskstats version 1
[   22.212553] Loading compiled-in X.509 certificates
[   22.263469] Loaded X.509 cert 'Build time autogenerated kernel key: 5103689f9da3e841c6100f8bb032b132cf76e38d'
[   22.348813] zswap: loaded using pool lzo/zbud
[   22.407298] Key type trusted registered
[   22.470872] Key type encrypted registered
[   22.511366] AppArmor: AppArmor sha1 policy hashing enabled
[   22.557899] ima: No TPM chip found, activating TPM-bypass!
[   22.613797] ima: Allocated hash algorithm: sha1
[   22.658252] evm: HMAC attrs: 0x1
[   22.704549]   Magic number: 7:632:150
[   22.747039] rtc_cmos rtc_cmos: setting system clock to 2019-06-15 23:08:11 UTC (1560640091)
[   22.824954] BIOS EDD facility v0.16 2004-Jun-25, 0 devices found
[   22.887124] EDD information not available.
[   22.947733] Freeing unused kernel memory: 1484K
[   23.009396] Write protecting the kernel read-only data: 14336k
[   23.067406] Freeing unused kernel memory: 1620K
[   23.111008] Freeing unused kernel memory: 68K
Loading, please wait...
starting version[   23.241711] random: udevadm: uninitialized urandom read (16 bytes read, 10 bits of entropy available)
 229
[   23.313222] random: systemd-udevd: uninitialized urandom read (16 bytes read, 10 bits of entropy available)
[   23.313428] random: systemd-udevd: uninitialized urandom read (16 bytes read, 10 bits of entropy available)
[   23.313472] random: systemd-udevd: uninitialized urandom read (16 bytes read, 10 bits of entropy available)
[   23.313835] random: systemd-udevd: uninitialized urandom read (16 bytes read, 10 bits of entropy available)
[   23.720978] random: udevadm: uninitialized urandom read (16 bytes read, 10 bits of entropy available)
[   23.831626] random: systemd-udevd: uninitialized urandom read (16 bytes read, 10 bits of entropy available)
[   23.851437] random: udevadm: uninitialized urandom read (16 bytes read, 10 bits of entropy available)
[   23.852718] random: udevadm: uninitialized urandom read (16 bytes read, 10 bits of entropy available)
[   23.853203] random: udevadm: uninitialized urandom read (16 bytes read, 10 bits of entropy available)
[   24.472988] e1000: Intel(R) PRO/1000 Network Driver - version 7.3.21-k8-NAPI
[   24.568697] e1000: Copyright (c) 1999-2006 Intel Corporation.
[   24.600458] Fusion MPT base driver 3.04.20
[   24.600459] Copyright (c) 1999-2008 LSI Corporation
[   25.082837] AVX2 version of gcm_enc/dec engaged.
[   25.160194] AES CTR mode by8 optimization enabled
[   25.274076] Fusion MPT SPI Host driver 3.04.20
[   25.899811] input: ImExPS/2 Generic Explorer Mouse as /devices/platform/i8042/serio1/input/input4
[   29.320449] e1000 0000:00:03.0 eth0: (PCI:33MHz:32-bit) 02:4c:fa:56:e0:e2
[   29.384430] e1000 0000:00:03.0 eth0: Intel(R) PRO/1000 Network Connection
[   29.466075] mptbase: ioc0: Initiating bringup
[   29.471102] e1000 0000:00:03.0 enp0s3: renamed from eth0
[   29.697136] ioc0: LSI53C1030 A0: Capabilities={Initiator}
[   31.162951] scsi host2: ioc0: LSI53C1030 A0, FwRev=00000000h, Ports=1, MaxQ=256, IRQ=20
[   31.442489] scsi 2:0:0:0: Direct-Access     VBOX     HARDDISK         1.0  PQ: 0 ANSI: 5
[   31.518231] scsi target2:0:0: Beginning Domain Validation
[   31.592055] scsi target2:0:0: Domain Validation skipping write tests
[   31.647008] scsi target2:0:0: Ending Domain Validation
[   31.691040] scsi target2:0:0: asynchronous
[   31.738162] scsi 2:0:1:0: Direct-Access     VBOX     HARDDISK         1.0  PQ: 0 ANSI: 5
[   32.234080] scsi target2:0:1: Beginning Domain Validation
[   32.316326] scsi target2:0:1: Domain Validation skipping write tests
[   32.370363] scsi target2:0:1: Ending Domain Validation
[   32.415910] scsi target2:0:1: asynchronous
[   32.527115] sd 2:0:0:0: Attached scsi generic sg0 type 0
[   32.531938] sd 2:0:0:0: [sda] 20971520 512-byte logical blocks: (10.7 GB/10.0 GiB)
[   32.534757] sd 2:0:0:0: [sda] Write Protect is off
[   32.536466] sd 2:0:0:0: [sda] Incomplete mode parameter data
[   32.536470] sd 2:0:0:0: [sda] Assuming drive cache: write through
[   32.590057]  sda: sda1
[   32.600176] sd 2:0:0:0: [sda] Attached SCSI disk
[   32.894963] sd 2:0:1:0: [sdb] 20480 512-byte logical blocks: (10.5 MB/10.0 MiB)
[   32.897741] sd 2:0:1:0: Attached scsi generic sg1 type 0
[   33.010953] sd 2:0:1:0: [sdb] Write Protect is off
[   33.058580] sd 2:0:1:0: [sdb] Incomplete mode parameter data
[   33.110757] sd 2:0:1:0: [sdb] Assuming drive cache: write through
[   33.196749] sd 2:0:1:0: [sdb] Attached SCSI disk
Begin: Loading essential drivers ... [   47.782198] md: linear personality registered for level -1
[   47.863756] md: multipath personality registered for level -4
[   47.968023] md: raid0 personality registered for level 0
[   48.100609] md: raid1 personality registered for level 1
[   48.253804] raid6: sse2x1   gen()  1019 MB/s
[   48.366568] raid6: sse2x1   xor()   656 MB/s
[   48.482206] raid6: sse2x2   gen()  1712 MB/s
[   48.594852] raid6: sse2x2   xor()   875 MB/s
[   48.714012] raid6: sse2x4   gen()  2578 MB/s
[   48.830204] raid6: sse2x4   xor()  1693 MB/s
[   48.942634] raid6: avx2x1   gen()  2150 MB/s
[   49.049783] raid6: avx2x2   gen()  3555 MB/s
[   49.182614] raid6: avx2x4   gen()  3000 MB/s
[   49.239368] raid6: using algorithm avx2x2 gen() 3555 MB/s
[   49.302624] raid6: using avx2x2 recovery algorithm
[   49.362875] xor: automatically using best checksumming function:
[   49.449571]    avx       :  8768.000 MB/sec
[   49.516789] async_tx: api initialized (async)
[   49.799144] md: raid6 personality registered for level 6
[   49.857286] md: raid5 personality registered for level 5
[   49.907337] md: raid4 personality registered for level 4
[   50.029123] md: raid10 personality registered for level 10
done.
Begin: Running /scripts/init-premount ... done.
Begin: Mounting root file system ... Begin: Running /scripts/local-top ... done.
Begin: Running /scripts/local-premount ... [   50.534658] Btrfs loaded
Scanning for Btrfs filesystems
done.
Warning: fsck not present, so skipping root file system
[   50.772614] EXT4-fs (sda1): mounted filesystem with ordered data mode. Opts: (null)
done.
Begin: Running /scripts/local-bottom ... done.
Begin: Running /scripts/init-bottom ... done.
[   51.507852] systemd[1]: systemd 229 running in system mode. (+PAM +AUDIT +SELINUX +IMA +APPARMOR +SMACK +SYSVINIT +UTMP +LIBCRYPTSETUP +GCRYPT +GNUTLS +ACL +XZ -LZ4 +SECCOMP +BLKID +ELFUTILS +KMOD -IDN)
[   51.739702] systemd[1]: Detected virtualization oracle.
[   51.800513] systemd[1]: Detected architecture x86-64.

Welcome to [1mUbuntu 16.04.6 LTS[0m!

[   51.910910] systemd[1]: Set hostname to <ubuntu>.
[   51.972206] random: nonblocking pool is initialized
[   52.028630] systemd[1]: Initializing machine ID from random generator.
[   52.090762] systemd[1]: Installed transient /etc/machine-id file.
[   52.900606] systemd[1]: Reached target System Time Synchronized.
[[0;32m  OK  [0m] Reached target System Time Synchronized.
[   53.005878] systemd[1]: Listening on udev Kernel Socket.
[[0;32m  OK  [0m] Listening on udev Kernel Socket.
[   53.099084] systemd[1]: Listening on Journal Socket (/dev/log).
[[0;32m  OK  [0m] Listening on Journal Socket (/dev/log).
[   53.223194] systemd[1]: Started Forward Password Requests to Wall Directory Watch.
[[0;32m  OK  [0m] Started Forward Password Requests to Wall Directory Watch.
[   53.354985] systemd[1]: Set up automount Arbitrary Executable File Formats File System Automount Point.
[[0;32m  OK  [0m] Set up automount Arbitrary Executab...ats File System Automount Point.
[   53.532541] systemd[1]: Created slice System Slice.
[[0;32m  OK  [0m] Created slice System Slice.
[   53.623219] systemd[1]: Reached target User and Group Name Lookups.
[[0;32m  OK  [0m] Reached target User and Group Name Lookups.
[   53.718474] systemd[1]: Listening on Device-mapper event daemon FIFOs.
[[0;32m  OK  [0m] Listening on Device-mapper event daemon FIFOs.
[   53.819027] systemd[1]: Created slice system-serial\x2dgetty.slice.
[[0;32m  OK  [0m] Created slice system-serial\x2dgetty.slice.
[   53.927574] systemd[1]: Listening on Syslog Socket.
[[0;32m  OK  [0m] Listening on Syslog Socket.
[   54.032232] systemd[1]: Reached target Swap.
[[0;32m  OK  [0m] Reached target Swap.
[   54.147106] systemd[1]: Listening on Journal Audit Socket.
[[0;32m  OK  [0m] Listening on Journal Audit Socket.
[   54.245863] systemd[1]: Listening on udev Control Socket.
[[0;32m  OK  [0m] Listening on udev Control Socket.
[   54.323972] systemd[1]: Started Trigger resolvconf update for networkd DNS.
[[0;32m  OK  [0m] Started Trigger resolvconf update for networkd DNS.
[   54.428985] systemd[1]: Listening on LVM2 poll daemon socket.
[[0;32m  OK  [0m] Listening on LVM2 poll daemon socket.
[   54.510852] systemd[1]: Listening on LVM2 metadata daemon socket.
[[0;32m  OK  [0m] Listening on LVM2 metadata daemon socket.
[   54.598208] systemd[1]: Reached target Encrypted Volumes.
[[0;32m  OK  [0m] Reached target Encrypted Volumes.
[   54.678842] systemd[1]: Listening on /dev/initctl Compatibility Named Pipe.
[[0;32m  OK  [0m] Listening on /dev/initctl Compatibility Named Pipe.
[   54.778347] systemd[1]: Listening on Journal Socket.
[[0;32m  OK  [0m] Listening on Journal Socket.
[   54.873830] systemd[1]: Mounting POSIX Message Queue File System...
         Mounting POSIX Message Queue File System...
[   54.996730] systemd[1]: Starting Set console keymap...
         Starting Set console keymap...
[   55.082631] systemd[1]: Starting Remount Root and Kernel File Systems...
[   55.173774] EXT4-fs (sda1): re-mounted. Opts: (null)
         Starting Remount Root and Kernel File Systems...
[   55.298351] systemd[1]: Starting Monitoring of LVM2 mirrors, snapshots etc. using dmeventd or progress polling...
         Starting Monitoring of LVM2 mirrors... dmeventd or progress polling...
[   55.500448] systemd[1]: Mounting Huge Pages File System...
         Mounting Huge Pages File System...
[   55.641802] systemd[1]: Starting Uncomplicated firewall...
         Starting Uncomplicated firewall...
[   55.733522] systemd[1]: Starting Journal Service...
         Starting Journal Service...
[   55.842725] systemd[1]: Starting Nameserver information manager...
         Starting Nameserver information manager...
[   55.973113] systemd[1]: Starting Load Kernel Modules...
         [   56.077987] Loading iSCSI transport class v2.0-870.
Starting Load Kernel Modules...
[   56.178302] systemd[1]: Mounting Debug File System...
[   56.284379] iscsi: registered transport (tcp)
         Mounting Debug File System...
[   56.381887] systemd[1]: Starting Create list of required static device nodes for the current kernel...
         Starting Create list of required st... nodes for the current kernel...
[   56.569864] systemd[1]: Created slice User and Session Slice.
[[0;32m  OK  [0m] Created slice User and Session Slice.
[   56.713216] systemd[1]: Reached target Slices.
[[0;32m  OK  [0m] Reached target Slices.
[   56.888574] systemd[1]: Mounted POSIX Message Queue File System.
[[0;32m  OK  [0m] Mounted POSIX Message Queue File System.
[   57.027347] systemd[1]: Mounted Huge Pages File System.
[   57.087697] iscsi: registered transport (iser)
[[0;32m  OK  [0m] Mounted Huge Pages File System.
[   57.159014] systemd[1]: Mounted Debug File System.
[[0;32m  OK  [0m] Mounted Debug File System.
[   57.246309] systemd[1]: Started Journal Service.
[[0;32m  OK  [0m] Started Journal Service.
[[0;32m  OK  [0m] Started Set console keymap.
[[0;32m  OK  [0m] Started Remount Root and Kernel File Systems.
[[0;32m  OK  [0m] Started Uncomplicated firewall.
[[0;32m  OK  [0m] Started Load Kernel Modules.
[[0;32m  OK  [0m] Started Create list of required sta...ce nodes for the current kernel.
[[0;32m  OK  [0m] Started Nameserver information manager.
[[0;32m  OK  [0m] Started LVM2 metadata daemon.
         Starting Create Static Device Nodes in /dev...
         Mounting FUSE Control File System...
         Starting Apply Kernel Variables...
         Starting udev Coldplug all Devices...
         Starting Load/Save Random Seed...
         Starting Flush Journal to Persistent Storage...
[[0;32m  OK  [0m] Mounted FUSE Control File System.
[[0;32m  OK  [0m] Started Create Static Device Nodes in /dev.
[[0;32m  OK  [0m] Started Monitoring of LVM2 mirrors,...ng dmeventd or progress polling.
[[0;32m  OK  [0m] Started Apply Kernel Variables.
[[0;32m  OK  [0m] Started Load/Save Random Seed.
[[0;32m  OK  [0m] Started udev Coldplug all Devices.
[[0;32m  OK  [0m] Started Flush Journal to Persistent Storage.
[[0;32m  OK  [0m] Reached target Local File Systems (Pre).
[[0;32m  OK  [0m] Reached target Local File Systems.
         Starting Tell Plymouth To Write Out Runtime Data...
         Starting Create Volatile Files and Directories...
         Starting LSB: AppArmor initialization...
         Starting Commit a transient machine-id on disk...
         Starting Initial cloud-init job (pre-networking)...
         Starting Set console font and keymap...
         Starting udev Kernel Device Manager...
[[0;32m  OK  [0m] Started Tell Plymouth To Write Out Runtime Data.
[[0;32m  OK  [0m] Started Create Volatile Files and Directories.
[[0;32m  OK  [0m] Started Commit a transient machine-id on disk.
[[0;32m  OK  [0m] Started udev Kernel Device Manager.
[[0;32m  OK  [0m] Started Dispatch Password Requests to Console Directory Watch.
         Starting Update UTMP about System Boot/Shutdown...
[   55.173099] cloud-init[485]: Cloud-init v. 19.1-1-gbaa47854-0ubuntu1~16.04.1 running 'init-local' at Sat, 15 Jun 2019 23:08:54 +0000. Up 52.82 seconds.
[[0;32m  OK  [0m] Started Update UTMP about System Boot/Shutdown.
[[0;32m  OK  [0m] Started LSB: AppArmor initialization.
[[0;32m  OK  [0m] Started Initial cloud-init job (pre-networking).
[[0;32m  OK  [0m] Found device /dev/ttyS0.
[[0;32m  OK  [0m] Listening on Load/Save RF Kill Switch Status /dev/rfkill Watch.
[[0;32m  OK  [0m] Reached target Network (Pre).
         Starting Raise network interfaces...
[[0;32m  OK  [0m] Started Set console font and keymap.
[[0;32m  OK  [0m] Created slice system-getty.slice.
[[0;32m  OK  [0m] Started Raise network interfaces.
[[0;32m  OK  [0m] Reached target Network.
         Starting Initial cloud-init job (metadata service crawler)...
[   93.929185] cloud-init[947]: Cloud-init v. 19.1-1-gbaa47854-0ubuntu1~16.04.1 running 'init' at Sat, 15 Jun 2019 23:09:32 +0000. Up 90.75 seconds.
[   94.035828] cloud-init[947]: ci-info: ++++++++++++++++++++++++++++++++++++++Net device info++++++++++++++++++++++++++++++++++++++
[   94.125500] cloud-init[947]: ci-info: +--------+------+----------------------------+---------------+--------+-------------------+
[   94.214695] cloud-init[947]: ci-info: | Device |  Up  |          Address           |      Mask     | Scope  |     Hw-Address    |
[   94.305697] cloud-init[947]: ci-info: +--------+------+----------------------------+---------------+--------+-------------------+
[   94.399562] cloud-init[947]: ci-info: | enp0s3 | True |         10.0.2.15          | 255.255.255.0 | global | 02:4c:fa:56:e0:e2 |
[   94.485331] cloud-init[947]: ci-info: | enp0s3 | True | fe80::4c:faff:fe56:e0e2/64 |       .       |  link  | 02:4c:fa:56:e0:e2 |
[   94.571934] cloud-init[947]: ci-info: |   lo   | True |         127.0.0.1          |   255.0.0.0   |  host  |         .         |
[   94.663855] cloud-init[947]: ci-info: |   lo   | True |          ::1/128           |       .       |  host  |         .         |
[   94.754092] cloud-init[947]: ci-info: +--------+------+----------------------------+---------------+--------+-------------------+
[   94.849895] cloud-init[947]: ci-info: +++++++++++++++++++++++++++Route IPv4 info++++++++++++++++++++++++++++
[   94.916505] cloud-init[947]: ci-info: +-------+-------------+----------+---------------+-----------+-------+
[   94.991355] cloud-init[947]: ci-info: | Route | Destination | Gateway  |    Genmask    | Interface | Flags |
[   95.062769] cloud-init[947]: ci-info: +-------+-------------+----------+---------------+-----------+-------+
[   95.129979] cloud-init[947]: ci-info: |   0   |   0.0.0.0   | 10.0.2.2 |    0.0.0.0    |   enp0s3  |   UG  |
[   95.197653] cloud-init[947]: ci-info: |   1   |   10.0.2.0  | 0.0.0.0  | 255.255.255.0 |   enp0s3  |   U   |
[[0;32m  OK  [0m] Started Initial cloud-init job (metadata service crawler).
[[0;32m  OK  [0m] Reached target Cloud-config availability.
[[0;32m  OK  [0m] Reached target System Initialization.
[[0;32m  OK  [0m] Started Daily apt download activities.
[[0;32m  OK  [0m] Listening on ACPID Listen Socket.
[[0;32m  OK  [0m] Listening on D-Bus System Message Bus Socket.
[[0;32m  OK  [0m] Started Daily apt upgrade and clean activities.
         Starting LXD - unix socket.
         Starting Socket activation for snappy daemon.
[[0;32m  OK  [0m] Listening on UUID daemon activation socket.
[   95.286083] cloud-init[947]: ci-info: +-------+-------------+----------+---------------+-----------+-------+
[[0;32m  OK  [0m] Started ACPI Events Check.
[[0;32m  OK  [0m] Reached target Paths.
[[0;32m  OK  [0m] Started Daily Cleanup of Temporary Directories.
[[0;32m  OK  [0m] Reached target Timers.
[[0;32m  OK  [0m] Reached target Network is Online.
         Starting iSCSI initiator daemon (iscsid)...
[[0;32m  OK  [0m] Listening on LXD - unix socket.
[[0;32m  OK  [0m] Listening on Socket activation for snappy daemon.
[[0;32m  OK  [0m] Reached target Sockets.
[[0;32m  OK  [0m] Reached target Basic System.
         Starting LSB: MD monitoring daemon...
         Starting Accounts Service...
[   95.884041]          Starting Pollinate to seed the pseudo random number generator...
[[0;32m  OK  [0m] Started D-Bus System Message Bus.
cloud-init[947]: ci-info: +++++++++++++++++++Route IPv6 info+++++++++++++++++++
[   96.263840] cloud-init[947]: ci-info: +-------+-------------+---------+-----------+-------+
[   96.364500] cloud-init[947]: ci-info: | Route | Destination | Gateway | Interface | Flags |
[   96.474348] cloud-init[947]: ci-info: +-------+-------------+---------+-----------+-------+
[   96.542642] cloud-init[947]: ci-info: |   0   |  fe80::/64  |    ::   |   enp0s3  |   U   |
[   96.624003] cloud-init[947]: ci-info: |   4   |   ff00::/8  |    ::   |   enp0s3  |   U   |
[   96.703809] cloud-init[947]: ci-info: +-------+-------------+---------+-----------+-------+
[   96.849873] cloud-init[947]: Generating public/private rsa key pair.         Starting /etc/rc.local Compatibility...
         Starting LSB: Record successful boot for GRUB...
         Starting Virtualbox guest utils...
         Starting Login Service...
[[0;32m  OK  [0m] Started Deferred execution scheduler.

[[0;32m  OK  [0m] Started ACPI event daemon.
[   97.186170] cloud-init[947]: Your identification has been saved in /etc/ssh/ssh_host_rsa_key.
[   97.314898] cloud-init[947]: Your public key has been saved in /etc/ssh/ssh_host_rsa_key.pub.
[   97.431332] cloud-init[947]: The key fingerprint is:
[   97.489291]          Starting System Logging Service...
cloud-init[947]: SHA256:svTBjqdeyumBTB4k0EgQ+2/Yr+wcGJzGWRbb4SDCGxs root@ubuntu-xenial
[[0;32m  OK  [0m] Started Regular background program processing daemon.
[   97.670433] cloud-init[947]: The key's randomart image is:         Starting Snappy daemon...

[[0;32m  OK  [0m] Started FUSE filesystem for LXC.
[   97.794088]          Starting LXD - container startup/shutdown...
[[0;32m  OK  [0m] Started System Logging Service.
[[0;32m  OK  [0m] Started /etc/rc.local Compatibility.
cloud-init[947]: +---[RSA 2048]----+
[[0;32m  OK  [0m] Started iSCSI initiator daemon (iscsid).
[   98.127381] cloud-init[947]: |O=. o .          |
[   98.488784] cloud-init[[0;32m  OK  [0m] Started LSB: MD monitoring daemon.
[947]: |.E.. * .         |
[[0;32m  OK  [0m] Started LSB: Record successful boot for GRUB.
[[0;32m  OK  [0m] Started Login Service.
[   98.906427] cloud-init[947]: |. * = o          |
[[0;32m  OK  [0m] Started Unattended Upgrades Shutdown.
         [   99.015697] cloud-init[947]: | * B   .         |
[   99.075783] cloud-init[947]: |  O o o S        |
[   99.076054] cloud-init[947]: | . X + * .       |
Starting Authenticate and Authorize Users to Run Privileged Tasks...
         Starting Login to default iSCSI targets...[   99.076260] 
cloud-init[947]: |  o O + =        |
[   99.375973] cloud-init[947]: |   + + B         |
[   99.634489] cloud-init[947]: |   .=+O          |
[   99.805396] [[0;32m  OK  [0m] Started Login to default iSCSI targets.
[[0;32m  OK  [0mcloud-init[947]: +----[SHA256]-----+
] Started LXD - container startup/shutdown.
[   99.946248] [[0;32m  OK  [0mcloud-init[947]: Generating public/private dsa key pair.
[  100.074269] cloud-init[947]: Your identification has been saved in /etc/ssh/ssh_host_dsa_key.
[  100.074418] cloud-init[947]: Your public key has been saved in /etc/ssh/ssh_host_dsa_key.pub.
[  100.074810] cloud-init[947]: The key fingerprint is:
[  100.074950] cloud-init[947]: SHA256:TozmyhhToFNy0Wqpf5U26XtFaIuzBsfwhH9XBQIC9nA root@ubuntu-xenial
[  100.075073] cloud-init[947]: The key's randomart image is:
[  100.113863] cloud-init[947]: +---[DSA 1024]----+
[  100.114843] cloud-init[947]: |  ..+.E ... ..   |
[  100.115025] cloud-init[947]: |   o.+ .   .  .  |
[  100.115189] cloud-init[947]: |. +o ..  .   .   |
[  100.115593] cloud-init[947]: | =+.o .oo . .    |
[  100.115754] cloud-init[947]: |oo  .*o=So .     |
[  100.116651] cloud-init[947]: |.. ..o&oo o      |
[  100.125487] cloud-init[947]: | .o  *.=.o       |
] Started Authenticate and Authorize Users to Run Privileged Tasks.
[[0;32m  OK  [0m] Started Pollinate to seed the pseudo random number generator.
[  100.273007] cloud-init[947]: |  .=..+ .        |
[[0;32m  OK  [0m] Started Accounts Service.
[  100.845654] cloud-init[947]: |  ..o..o         |
         Starting OpenBSD Secure Shell server...
[[0;32m  OK  [0m] Reached target Remote File Systems (Pre).
[[0;32m  OK  [0m] Reached target Remote File Systems.
         [  101.050051] Starting LSB: Set the CPU Frequency Scaling governor to "ondemand"...
         cloud-initStarting Permit User Sessions...
         Starting LSB: daemon to balance interrupts for SMP systems...
         Starting LSB: automatic crash report generation...
[947]: [[0;32m  OK  [0m] Started Permit User Sessions.
[[0;32m  OK  [0m] Started Snappy daemon.
+----[SHA256]-----+
         Starting Wait until snapd is fully seeded...
         Starting Terminate Plymouth Boot Screen...
[  101.745907] cloud-init[947]: Generating public/private ecdsa key pair.
         Starting Hold until boot process finishes up...
[  101.990358] cloud-init[947]: Your identification has been saved in /etc/ssh/ssh_host_ecdsa_key.
[[0;32m  OK  [0m] Started Virtualbox guest utils.
[[  102.126368] [0;32m  OK  [0m] Started Terminate Plymouth Boot Screen.
[[0;32m  OK  [0m] Started Hold until boot process finishes up.
cloud-init[947]: Your public key has been saved in /etc/ssh/ssh_host_ecdsa_key.pub.
[  102.387976] cloud-init[[0;32m  OK  [0m[947]: ] Started OpenBSD Secure Shell server.The key fingerprint is:

[[0;32m  OK  [0m[  102.654803] ] Started LSB: Set the CPU Frequency Scaling governor to "ondemand".cloud-init
[947]: SHA256:w2L+FkHQHIx35HMQII95rQigxnRQwJ/aSHtpS10vaDI root@ubuntu-xenial[[0;32m  OK  [0m] Started LSB: daemon to balance interrupts for SMP systems.

[[0;32m  OK  [0m] Started LSB: automatic crash report generation.
[  102.888830] cloud-init[947]: [[0;32m  OK  [0m] Started Serial Getty on ttyS0.
[The key's randomart image is:[0;32m  OK  [0m
] Started Getty on tty1.
[[0;32m  OK  [0m[  103.104939] cloud-init[947]: +---[ECDSA 256]---+
[  103.167014] cloud-init] Reached target Login Prompts.
[947]: |.+=o  o*o++.     |
         Starting Set console scheme...[  103.276259] cloud-init
[[0;32m  OK  [0m[947]: ] |oo..  .=*o..     |Started Set console scheme.

[  103.525208] cloud-init[947]: |.o. o ooo.+ .    |
[  103.617524] cloud-init[947]: |.. o . =.. o     |
[  103.686536] cloud-init[947]: |. = o * S.       |
[  103.775925] cloud-init[947]: | + E * o.o       |
[  103.884934] cloud-init[947]: |  + = . ..       |
[  103.968914] cloud-init[947]: |   .   ..        |
[  104.057713] cloud-init[947]: |       ..        |
[  104.155121] cloud-init[947]: +----[SHA256]-----+
[  104.237712] cloud-init[947]: Generating public/private ed25519 key pair.
[  104.357068] cloud-init[947]: Your identification has been saved in /etc/ssh/ssh_host_ed25519_key.
[  104.472296] cloud-init[947]: Your public key has been saved in /etc/ssh/ssh_host_ed25519_key.pub.
[  104.617731] cloud-init[947]: The key fingerprint is:
[  104.745634] cloud-init[947]: SHA256:+MtxRxc4lQwTxYCpvTBcx9mFs8d6Vs4Pgbd8235X308 root@ubuntu-xenial
[  104.871209] cloud-init[947]: The key's randomart image is:
[  104.946144] cloud-init[947]: +--[ED25519 256]--+
[  104.997253] cloud-init[947]: |           +=Xo+.|
[[0;32m  OK  [0m] Created slice User Slice of vagrant.
[  105.072909]          Starting User Manager for UID 1000...
cloud-init[[0;32m  OK  [0m] Started Session 1 of user vagrant.
[947]: |          + ++B  |
[  105.215683] cloud-init[947]: |       . + .o..+ |
[  105.299451] [[0;32m  OK  [0m] Started User Manager for UID 1000.
cloud-init[947]: |       .= . ..+.+|
[  105.379533] cloud-init[947]: |      . So ..o.B.|
[  105.427442] cloud-init[947]: |       .  .. .= B|
[  105.470150] cloud-init[947]: |        o . .  =E|
[  105.525233] cloud-init[947]: |       . + .   oB|
[  105.575128] cloud-init[947]: |        o      .*|
[  105.637306] cloud-init[947]: +----[SHA256]-----+

Ubuntu 16.04.6 LTS ubuntu-xenial ttyS0

ubuntu-xenial login: [  113.455622] cloud-init[1367]: Generating locales (this might take a while)...
[  121.504914] cloud-init[1367]:   en_US.UTF-8... done
[  121.527176] cloud-init[1367]: Generation complete.
[  123.175199] cloud-init[1367]: Cloud-init v. 19.1-1-gbaa47854-0ubuntu1~16.04.1 running 'modules:config' at Sat, 15 Jun 2019 23:09:54 +0000. Up 112.39 seconds.
ci-info: no authorized ssh keys fingerprints found for user ubuntu.
<14>Jun 15 23:10:07 ec2: 
<14>Jun 15 23:10:07 ec2: #############################################################
<14>Jun 15 23:10:07 ec2: -----BEGIN SSH HOST KEY FINGERPRINTS-----
<14>Jun 15 23:10:07 ec2: 1024 SHA256:TozmyhhToFNy0Wqpf5U26XtFaIuzBsfwhH9XBQIC9nA root@ubuntu-xenial (DSA)
<14>Jun 15 23:10:07 ec2: 256 SHA256:w2L+FkHQHIx35HMQII95rQigxnRQwJ/aSHtpS10vaDI root@ubuntu-xenial (ECDSA)
<14>Jun 15 23:10:07 ec2: 256 SHA256:+MtxRxc4lQwTxYCpvTBcx9mFs8d6Vs4Pgbd8235X308 root@ubuntu-xenial (ED25519)
<14>Jun 15 23:10:07 ec2: 2048 SHA256:svTBjqdeyumBTB4k0EgQ+2/Yr+wcGJzGWRbb4SDCGxs root@ubuntu-xenial (RSA)
<14>Jun 15 23:10:07 ec2: -----END SSH HOST KEY FINGERPRINTS-----
<14>Jun 15 23:10:07 ec2: #############################################################
-----BEGIN SSH HOST KEY KEYS-----
ecdsa-sha2-nistp256 AAAAE2VjZHNhLXNoYTItbmlzdHAyNTYAAAAIbmlzdHAyNTYAAABBBJL6sG4zwA6CpykgWch7p0b5Bo4FfWdMGbv0VT2VZY2+vpbcWvp9kavC+3v+ZU2+qbvA6D7wSxMWtPaNIYk0e+I= root@ubuntu-xenial
ssh-ed25519 AAAAC3NzaC1lZDI1NTE5AAAAIJ6T2SQqxUcMSGzCFuOVz3hw8M4exIJ1EXfbwJCCe2bM root@ubuntu-xenial
ssh-rsa AAAAB3NzaC1yc2EAAAADAQABAAABAQDJeStLqAUpJCKp7ME7oFk5S9+Jz058Dk57zjSAkOvKzn/c0i1qCMNVAaaOvjqEwiFwSGYfoUWG8HpA6rqVB5GDUOyyKjM76P9NS1b2BeglfLj/MWCzHsOmLUA3dVK1QWgbXPpM29xX+F1gDy4o6Gh7XMxUvUis/eRqQn/8QyiCsGVwN1JUorX6Jz6KDGiTKV7S4OG27HPbwXOF+x1WjUZUgIDU6wkyMX4WIEB9rvGLAlp+4pYUjiVOGQUdnvvzBY24vunkDnG3HeTU4MYP1pgj3kvunDrNQbfygOAIYn//YhJeRHowW4+RyQ/mFnnwNDQek38XeikiPZpVjXIcHObH root@ubuntu-xenial
-----END SSH HOST KEY KEYS-----
[  126.306573] cloud-init[1606]: Cloud-init v. 19.1-1-gbaa47854-0ubuntu1~16.04.1 running 'modules:final' at Sat, 15 Jun 2019 23:10:07 +0000. Up 124.89 seconds.
[  126.307008] cloud-init[1606]: ci-info: no authorized ssh keys fingerprints found for user ubuntu.
[  126.321152] cloud-init[1606]: Cloud-init v. 19.1-1-gbaa47854-0ubuntu1~16.04.1 finished at Sat, 15 Jun 2019 23:10:07 +0000. Datasource DataSourceNoCloud [seed=/dev/sdb][dsmode=net].  Up 125.60 seconds
